Archive member included to satisfy reference by file (symbol)

libopencm3/lib\libopencm3_stm32f1.a(adc.o)
                              obj/anain.o (adc_power_on)
libopencm3/lib\libopencm3_stm32f1.a(adc_common_v1.o)
                              obj/anain.o (adc_power_off)
libopencm3/lib\libopencm3_stm32f1.a(can.o)
                              obj/stm32_can.o (can_reset)
libopencm3/lib\libopencm3_stm32f1.a(crc_common_all.o)
                              obj/Can_OI.o (crc_reset)
libopencm3/lib\libopencm3_stm32f1.a(desig_common_v1.o)
                              obj/canmap.o (desig_get_flash_size)
libopencm3/lib\libopencm3_stm32f1.a(dma_common_l1f013.o)
                              obj/terminal.o (dma_channel_reset)
libopencm3/lib\libopencm3_stm32f1.a(exti_common_all.o)
                              obj/hwinit.o (exti_set_trigger)
libopencm3/lib\libopencm3_stm32f1.a(flash.o)
                              obj/canmap.o (flash_erase_page)
libopencm3/lib\libopencm3_stm32f1.a(flash_common_all.o)
                              obj/canmap.o (flash_set_ws)
libopencm3/lib\libopencm3_stm32f1.a(flash_common_f.o)
                              obj/canmap.o (flash_unlock)
libopencm3/lib\libopencm3_stm32f1.a(flash_common_f01.o)
                              libopencm3/lib\libopencm3_stm32f1.a(flash.o) (flash_clear_pgerr_flag)
libopencm3/lib\libopencm3_stm32f1.a(gpio.o)
                              obj/hwinit.o (gpio_set_mode)
libopencm3/lib\libopencm3_stm32f1.a(gpio_common_all.o)
                              obj/RaVus_vcu.o (gpio_set)
libopencm3/lib\libopencm3_stm32f1.a(iwdg_common_all.o)
                              obj/RaVus_vcu.o (iwdg_reset)
libopencm3/lib\libopencm3_stm32f1.a(rcc.o)
                              obj/hwinit.o (rcc_set_adcpre)
libopencm3/lib\libopencm3_stm32f1.a(rcc_common_all.o)
                              obj/hwinit.o (rcc_periph_clock_enable)
libopencm3/lib\libopencm3_stm32f1.a(rtc.o)
                              obj/RaVus_vcu.o (rtc_get_counter_val)
libopencm3/lib\libopencm3_stm32f1.a(spi_common_all.o)
                              obj/hwinit.o (spi_enable)
libopencm3/lib\libopencm3_stm32f1.a(spi_common_v1.o)
                              obj/hwinit.o (spi_init_master)
libopencm3/lib\libopencm3_stm32f1.a(timer_common_all.o)
                              obj/stm32scheduler.o (timer_enable_irq)
libopencm3/lib\libopencm3_stm32f1.a(usart_common_all.o)
                              obj/hwinit.o (usart_set_baudrate)
libopencm3/lib\libopencm3_stm32f1.a(usart_common_f124.o)
                              libopencm3/lib\libopencm3_stm32f1.a(usart_common_all.o) (usart_send)
libopencm3/lib\libopencm3_stm32f1.a(vector.o)
                              (reset_handler)
libopencm3/lib\libopencm3_stm32f1.a(scb.o)
                              obj/terminalcommands.o (scb_reset_system)
libopencm3/lib\libopencm3_stm32f1.a(nvic.o)
                              obj/hwinit.o (nvic_enable_irq)
libopencm3/lib\libopencm3_stm32f1.a(assert.o)
                              libopencm3/lib\libopencm3_stm32f1.a(rcc.o) (cm3_assert_failed)
libopencm3/lib\libopencm3_stm32f1.a(pwr_common_v1.o)
                              libopencm3/lib\libopencm3_stm32f1.a(rtc.o) (pwr_disable_backup_domain_write_protect)
C:/msys64/mingw64/bin/../lib/gcc/arm-none-eabi/13.3.0/../../../../arm-none-eabi/lib/thumb/v7/nofp\libm.a(libm_a-wf_log.o)
                              obj/daisychainbms.o (logf)
C:/msys64/mingw64/bin/../lib/gcc/arm-none-eabi/13.3.0/../../../../arm-none-eabi/lib/thumb/v7/nofp\libm.a(libm_a-sf_nan.o)
                              C:/msys64/mingw64/bin/../lib/gcc/arm-none-eabi/13.3.0/../../../../arm-none-eabi/lib/thumb/v7/nofp\libm.a(libm_a-wf_log.o) (nanf)
C:/msys64/mingw64/bin/../lib/gcc/arm-none-eabi/13.3.0/../../../../arm-none-eabi/lib/thumb/v7/nofp\libm.a(libm_a-ef_log.o)
                              C:/msys64/mingw64/bin/../lib/gcc/arm-none-eabi/13.3.0/../../../../arm-none-eabi/lib/thumb/v7/nofp\libm.a(libm_a-wf_log.o) (__ieee754_logf)
C:/msys64/mingw64/bin/../lib/gcc/arm-none-eabi/13.3.0/thumb/v7/nofp\libgcc.a(_arm_muldf3.o)
                              obj/RaVus_vcu.o (__aeabi_dmul)
C:/msys64/mingw64/bin/../lib/gcc/arm-none-eabi/13.3.0/thumb/v7/nofp\libgcc.a(_arm_mulsf3.o)
                              obj/RaVus_vcu.o (__aeabi_fmul)
C:/msys64/mingw64/bin/../lib/gcc/arm-none-eabi/13.3.0/thumb/v7/nofp\libgcc.a(_arm_addsubdf3.o)
                              obj/TeslaDCDC.o (__aeabi_dsub)
C:/msys64/mingw64/bin/../lib/gcc/arm-none-eabi/13.3.0/thumb/v7/nofp\libgcc.a(_arm_muldivdf3.o)
                              obj/BMW_E60.o (__aeabi_ddiv)
C:/msys64/mingw64/bin/../lib/gcc/arm-none-eabi/13.3.0/thumb/v7/nofp\libgcc.a(_arm_fixdfsi.o)
                              obj/RaVus_vcu.o (__aeabi_d2iz)
C:/msys64/mingw64/bin/../lib/gcc/arm-none-eabi/13.3.0/thumb/v7/nofp\libgcc.a(_arm_fixunsdfsi.o)
                              obj/BMW_E60.o (__aeabi_d2uiz)
[...]
Memory Configuration

Name             Origin             Length             Attributes
rom              0x08001000         0x0001e000         xr
ram              0x20000000         0x00005000         xrw
*default*        0x00000000         0xffffffff

Linker script and memory map

LOAD obj/RaVus_vcu.o
LOAD obj/hwinit.o
LOAD obj/stm32scheduler.o
LOAD obj/params.o
LOAD obj/terminal.o
LOAD obj/terminal_prj.o
LOAD obj/my_string.o
LOAD obj/spiadc.o
LOAD obj/digio.o
LOAD obj/my_fp.o
LOAD obj/printf.o
LOAD obj/anain.o
LOAD obj/throttle.o
LOAD obj/isa_shunt.o
LOAD obj/BMW_E60.o
LOAD obj/GS450H.o
LOAD obj/temp_meas.o
LOAD obj/BMW_E39.o
LOAD obj/Can_VAG.o
LOAD obj/Can_OI.o
LOAD obj/outlanderinverter.o
LOAD obj/canhardware.o
LOAD obj/canmap.o
LOAD obj/param_save.o
LOAD obj/errormessage.o
LOAD obj/stm32_can.o
LOAD obj/leafinv.o
LOAD obj/utils.o
LOAD obj/terminalcommands.o
LOAD obj/i3LIM.o
LOAD obj/amperacharger.o
LOAD obj/bmw_sbox.o
LOAD obj/NissanPDM.o
LOAD obj/teslaCharger.o
LOAD obj/extCharger.o
LOAD obj/vag_sbox.o
LOAD obj/daisychainbms.o
LOAD obj/simpbms.o
LOAD obj/outlanderCharger.o
LOAD obj/Can_OBD2.o
LOAD obj/cansdo.o
LOAD obj/TeslaDCDC.o
LOAD obj/BMW_E31.o
LOAD obj/F30_Lever.o
LOAD obj/CPC.o
LOAD obj/ElconCharger.o
LOAD obj/RearOutlanderinverter.o
LOAD obj/linbus.o
LOAD obj/VWheater.o
LOAD obj/JLR_G1.o
LOAD obj/JLR_G2.o
LOAD obj/Foccci.o
LOAD obj/digipot.o
LOAD obj/OutlanderHeartBeat.o
LOAD obj/leafbms.o
LOAD obj/V_Classic.o
LOAD obj/kangoobms.o
LOAD obj/OutlanderCanHeater.o
LOAD obj/NissLeafMng.o
LOAD obj/BatMan.o
LOAD libopencm3/lib\libopencm3_stm32f1.a
LOAD C:/msys64/mingw64/bin/../lib/gcc/arm-none-eabi/13.3.0/../../../../arm-none-eabi/lib/thumb/v7/nofp\libm.a
START GROUP
LOAD C:/msys64/mingw64/bin/../lib/gcc/arm-none-eabi/13.3.0/thumb/v7/nofp\libgcc.a
LOAD C:/msys64/mingw64/bin/../lib/gcc/arm-none-eabi/13.3.0/../../../../arm-none-eabi/lib/thumb/v7/nofp\libc.a
END GROUP

.text           0x08001000    0x11a90
 *(.vectors)
 .vectors       0x08001000      0x150 libopencm3/lib\libopencm3_stm32f1.a(vector.o)
                0x08001000                vector_table
 *(.text*)
 .text._ZN23FunctionPointerCallback8HandleRxEmPmh
                0x08001150       0x12 obj/RaVus_vcu.o
                0x08001150                FunctionPointerCallback::HandleRx(unsigned long, unsigned long*, unsigned char)
 .text._ZN23FunctionPointerCallback11HandleClearEv
                0x08001162        0x4 obj/RaVus_vcu.o
                0x08001162                FunctionPointerCallback::HandleClear()
 .text._ZN8Inverter7Task1MsEv
                0x08001166        0x2 obj/RaVus_vcu.o
                0x08001166                Inverter::Task1Ms()
 .text._ZN8Inverter8Task10MsEv
                0x08001168        0x2 obj/RaVus_vcu.o
                0x08001168                Inverter::Task10Ms()
 .text._ZN8Inverter9Task100MsEv
                0x0800116a        0x2 obj/RaVus_vcu.o
                0x0800116a                Inverter::Task100Ms()
 .text._ZN8Inverter9DecodeCANEiPm
                0x0800116c        0x2 obj/RaVus_vcu.o
                0x0800116c                Inverter::DecodeCAN(int, unsigned long*)
 .text._ZN8Inverter6DeInitEv
                0x0800116e        0x2 obj/RaVus_vcu.o
                0x0800116e                Inverter::DeInit()
 .text._ZN8Inverter15SetCanInterfaceEP11CanHardware
                0x08001170        0x4 obj/RaVus_vcu.o
                0x08001170                Inverter::SetCanInterface(CanHardware*)
 .text._ZN7Vehicle7Task1MsEv
                0x08001174        0x2 obj/RaVus_vcu.o
                0x08001174                Vehicle::Task1Ms()
 .text._ZN7Vehicle8Task10MsEv
                0x08001176        0x2 obj/RaVus_vcu.o
                0x08001176                Vehicle::Task10Ms()
 .text._ZN7Vehicle9Task100MsEv
                0x08001178        0x2 obj/RaVus_vcu.o
                0x08001178                Vehicle::Task100Ms()
 .text._ZN7Vehicle9Task200MsEv
                0x0800117a        0x2 obj/RaVus_vcu.o
                0x0800117a                Vehicle::Task200Ms()
 .text._ZN7Vehicle9DecodeCANEiPm
                0x0800117c        0x2 obj/RaVus_vcu.o
                0x0800117c                Vehicle::DecodeCAN(int, unsigned long*)
 .text._ZN7Vehicle7DashOffEv
                0x0800117e        0x2 obj/RaVus_vcu.o
                0x0800117e                Vehicle::DashOff()
 .text._ZN7Vehicle12SetFuelGaugeEf
                0x08001180        0x2 obj/RaVus_vcu.o
                0x08001180                Vehicle::SetFuelGauge(float)
 .text._ZN7Vehicle7GetGearERNS_4gearE
                0x08001182        0x4 obj/RaVus_vcu.o
                0x08001182                Vehicle::GetGear(Vehicle::gear&)
 .text._ZN7Vehicle14GetCruiseStateEv
                0x08001186        0x4 obj/RaVus_vcu.o
                0x08001186                Vehicle::GetCruiseState()
 *fill*         0x0800118a        0x2 
 .text._ZN7Vehicle19GetFrontRearBalanceEv
                0x0800118c        0x8 obj/RaVus_vcu.o
                0x0800118c                Vehicle::GetFrontRearBalance()
 .text._ZN7Vehicle21EnableTractionControlEv
                0x08001194        0x4 obj/RaVus_vcu.o
                0x08001194                Vehicle::EnableTractionControl()
 .text._ZN7Vehicle15SetCanInterfaceEP11CanHardware
                0x08001198        0x4 obj/RaVus_vcu.o
                0x08001198                Vehicle::SetCanInterface(CanHardware*)
 .text._ZN7Shifter7Task1MsEv
                0x0800119c        0x2 obj/RaVus_vcu.o
                0x0800119c                Shifter::Task1Ms()
 .text._ZN7Shifter8Task10MsEv
                0x0800119e        0x2 obj/RaVus_vcu.o
                0x0800119e                Shifter::Task10Ms()
 .text._ZN7Shifter9Task100MsEv
                0x080011a0        0x2 obj/RaVus_vcu.o
                0x080011a0                Shifter::Task100Ms()
 .text._ZN7Shifter9Task200MsEv
                0x080011a2        0x2 obj/RaVus_vcu.o
                0x080011a2                Shifter::Task200Ms()
 .text._ZN7Shifter9DecodeCANEiPm
                0x080011a4        0x2 obj/RaVus_vcu.o
                0x080011a4                Shifter::DecodeCAN(int, unsigned long*)
 .text._ZN7Shifter7GetGearERNS_5SgearE
                0x080011a6        0x4 obj/RaVus_vcu.o
                0x080011a6                Shifter::GetGear(Shifter::Sgear&)
 .text._ZN7Shifter15SetCanInterfaceEP11CanHardware
                0x080011aa        0x4 obj/RaVus_vcu.o
                0x080011aa                Shifter::SetCanInterface(CanHardware*)
 .text._ZN9Chargerhw7Task1MsEv
                0x080011ae        0x2 obj/RaVus_vcu.o
                0x080011ae                Chargerhw::Task1Ms()
 .text._ZN9Chargerhw8Task10MsEv
                0x080011b0        0x2 obj/RaVus_vcu.o
                0x080011b0                Chargerhw::Task10Ms()
 .text._ZN9Chargerhw9Task100MsEv
                0x080011b2        0x2 obj/RaVus_vcu.o
                0x080011b2                Chargerhw::Task100Ms()
 .text._ZN9Chargerhw9Task200MsEv
                0x080011b4        0x2 obj/RaVus_vcu.o
                0x080011b4                Chargerhw::Task200Ms()
 .text._ZN9Chargerhw9DecodeCANEiPm
                0x080011b6        0x2 obj/RaVus_vcu.o
                0x080011b6                Chargerhw::DecodeCAN(int, unsigned long*)
 .text._ZN9Chargerhw13ControlChargeEbb
                0x080011b8        0x4 obj/RaVus_vcu.o
                0x080011b8                Chargerhw::ControlCharge(bool, bool)
 .text._ZN9Chargerhw6DeInitEv
                0x080011bc        0x2 obj/RaVus_vcu.o
                0x080011bc                Chargerhw::DeInit()
 .text._ZN9Chargerhw15SetCanInterfaceEP11CanHardware
                0x080011be        0x4 obj/RaVus_vcu.o
                0x080011be                Chargerhw::SetCanInterface(CanHardware*)
 .text._ZN9Chargerhw5testaEb
                0x080011c2        0x4 obj/RaVus_vcu.o
                0x080011c2                Chargerhw::testa(bool)
 .text._ZN10Chargerint7Task1MsEv
                0x080011c6        0x2 obj/RaVus_vcu.o
                0x080011c6                Chargerint::Task1Ms()
 .text._ZN10Chargerint8Task10MsEv
                0x080011c8        0x2 obj/RaVus_vcu.o
                0x080011c8                Chargerint::Task10Ms()
 .text._ZN10Chargerint9Task100MsEv
                0x080011ca        0x2 obj/RaVus_vcu.o
                0x080011ca                Chargerint::Task100Ms()
 .text._ZN10Chargerint9Task200MsEv
                0x080011cc        0x2 obj/RaVus_vcu.o
                0x080011cc                Chargerint::Task200Ms()
 .text._ZN10Chargerint9DecodeCANEiPm
                0x080011ce        0x2 obj/RaVus_vcu.o
                0x080011ce                Chargerint::DecodeCAN(int, unsigned long*)
 .text._ZN10Chargerint11DCFCRequestEb
                0x080011d0        0x4 obj/RaVus_vcu.o
                0x080011d0                Chargerint::DCFCRequest(bool)
 .text._ZN10Chargerint6DeInitEv
                0x080011d4        0x2 obj/RaVus_vcu.o
                0x080011d4                Chargerint::DeInit()
 .text._ZN10Chargerint15SetCanInterfaceEP11CanHardware
                0x080011d6        0x4 obj/RaVus_vcu.o
                0x080011d6                Chargerint::SetCanInterface(CanHardware*)
 .text._ZN6Heater9DecodeCANEiPm
                0x080011da        0x2 obj/RaVus_vcu.o
                0x080011da                Heater::DecodeCAN(int, unsigned long*)
 .text._ZN6Heater14GetTemperatureEv
                0x080011dc        0x4 obj/RaVus_vcu.o
                0x080011dc                Heater::GetTemperature()
 .text._ZN6Heater6DeInitEv
                0x080011e0        0x2 obj/RaVus_vcu.o
                0x080011e0                Heater::DeInit()
 .text._ZN6Heater15SetCanInterfaceEP11CanHardware
                0x080011e2        0x4 obj/RaVus_vcu.o
                0x080011e2                Heater::SetCanInterface(CanHardware*)
 .text._ZN6Heater9Task100MsEv
                0x080011e6        0x2 obj/RaVus_vcu.o
                0x080011e6                Heater::Task100Ms()
 .text._ZN7notused9ACRequestEb
                0x080011e8        0x4 obj/RaVus_vcu.o
                0x080011e8                notused::ACRequest(bool)
 .text._ZN8noHeater20SetTargetTemperatureEf
                0x080011ec        0x2 obj/RaVus_vcu.o
                0x080011ec                noHeater::SetTargetTemperature(float)
 .text._ZN8noHeater8SetPowerEtb
                0x080011ee        0x2 obj/RaVus_vcu.o
                0x080011ee                noHeater::SetPower(unsigned short, bool)
 .text._ZN3BMS9DecodeCANEiPh
                0x080011f0        0x2 obj/RaVus_vcu.o
                0x080011f0                BMS::DecodeCAN(int, unsigned char*)
 .text._ZN3BMS6DeInitEv
                0x080011f2        0x2 obj/RaVus_vcu.o
                0x080011f2                BMS::DeInit()
 .text._ZN3BMS16MaxChargeCurrentEv
                0x080011f4        0x8 obj/RaVus_vcu.o
                0x080011f4                BMS::MaxChargeCurrent()
 .text._ZN3BMS15SetCanInterfaceEP11CanHardware
                0x080011fc        0x4 obj/RaVus_vcu.o
                0x080011fc                BMS::SetCanInterface(CanHardware*)
 .text._ZN4DCDC9DecodeCANEiPh
                0x08001200        0x2 obj/RaVus_vcu.o
                0x08001200                DCDC::DecodeCAN(int, unsigned char*)
 .text._ZN4DCDC6DeInitEv
                0x08001202        0x2 obj/RaVus_vcu.o
                0x08001202                DCDC::DeInit()
 .text._ZN4DCDC7Task1MsEv
                0x08001204        0x2 obj/RaVus_vcu.o
                0x08001204                DCDC::Task1Ms()
 .text._ZN4DCDC8Task10MsEv
                0x08001206        0x2 obj/RaVus_vcu.o
                0x08001206                DCDC::Task10Ms()
 .text._ZN4DCDC9Task100MsEv
                0x08001208        0x2 obj/RaVus_vcu.o
                0x08001208                DCDC::Task100Ms()
 .text._ZN4DCDC15SetCanInterfaceEP11CanHardware
                0x0800120a        0x4 obj/RaVus_vcu.o
                0x0800120a                DCDC::SetCanInterface(CanHardware*)
 .text._ZN15NoInverterClass9SetTorqueEf
                0x0800120e        0x2 obj/RaVus_vcu.o
                0x0800120e                NoInverterClass::SetTorque(float)
 .text._ZN15NoInverterClass19GetMotorTemperatureEv
                0x08001210        0x4 obj/RaVus_vcu.o
                0x08001210                NoInverterClass::GetMotorTemperature()
 .text._ZN15NoInverterClass22GetInverterTemperatureEv
                0x08001214        0x4 obj/RaVus_vcu.o
                0x08001214                NoInverterClass::GetInverterTemperature()
 .text._ZN15NoInverterClass18GetInverterVoltageEv
                0x08001218        0x4 obj/RaVus_vcu.o
                0x08001218                NoInverterClass::GetInverterVoltage()
 .text._ZN15NoInverterClass13GetMotorSpeedEv
                0x0800121c        0x4 obj/RaVus_vcu.o
                0x0800121c                NoInverterClass::GetMotorSpeed()
 .text._ZN15NoInverterClass16GetInverterStateEv
                0x08001220        0x4 obj/RaVus_vcu.o
                0x08001220                NoInverterClass::GetInverterState()
 .text._ZN9NoVehicle13SetRevCounterEi
                0x08001224        0x2 obj/RaVus_vcu.o
                0x08001224                NoVehicle::SetRevCounter(int)
 .text._ZN9NoVehicle19SetTemperatureGaugeEf
                0x08001226        0x2 obj/RaVus_vcu.o
                0x08001226                NoVehicle::SetTemperatureGauge(float)
 .text._ZL7Ms1Taskv
                0x08001228       0x5c obj/RaVus_vcu.o
 .text._ZL13UpdateChargerv
                0x08001284       0x8c obj/RaVus_vcu.o
 .text._ZL15UpdateChargeIntv
                0x08001310       0x5c obj/RaVus_vcu.o
 .text._ZL9UpdateBMSv
                0x0800136c       0x64 obj/RaVus_vcu.o
 .text._ZL10UpdateDCDCv
                0x080013d0       0x40 obj/RaVus_vcu.o
 .text._ZL13UpdateShifterv
                0x08001410       0x50 obj/RaVus_vcu.o
 .text._ZL13UpdateVehiclev
                0x08001460       0x80 obj/RaVus_vcu.o
 .text._ZN3BMS9Task100MsEv
                0x080014e0       0x3a obj/RaVus_vcu.o
                0x080014e0                BMS::Task100Ms()
 *fill*         0x0800151a        0x2 
 .text._ZL9UpdateInvv
                0x0800151c       0x94 obj/RaVus_vcu.o
 .text._ZL12UpdateHeaterv
                0x080015b0       0x68 obj/RaVus_vcu.o
 .text._ZN9NoVehicle5StartEv
                0x08001618        0x6 obj/RaVus_vcu.o
                0x08001618                NoVehicle::Start()
 *fill*         0x0800161e        0x2 
 .text._ZL13SetCanFiltersv
                0x08001620      0x144 obj/RaVus_vcu.o
 .text._ZL11CanCallbackmPmh
                0x08001764       0xe8 obj/RaVus_vcu.o
 .text._ZN9NoVehicle5ReadyEv
                0x0800184c       0x28 obj/RaVus_vcu.o
                0x0800184c                NoVehicle::Ready()
 .text._ZN5DigIo3SetEv
                0x08001874        0x8 obj/RaVus_vcu.o
                0x08001874                DigIo::Set()
 .text._ZN5DigIo5ClearEv
                0x0800187c        0x8 obj/RaVus_vcu.o
                0x0800187c                DigIo::Clear()
 .text._ZL8Ms10Taskv
                0x08001884      0x46c obj/RaVus_vcu.o
 .text._ZN5DigIo6ToggleEv
                0x08001cf0        0x8 obj/RaVus_vcu.o
                0x08001cf0                DigIo::Toggle()
 .text._ZL9Ms100Taskv
                0x08001cf8      0x1e4 obj/RaVus_vcu.o
 *fill*         0x08001edc        0x4 
 .text._ZL9Ms200Taskv
                0x08001ee0      0x328 obj/RaVus_vcu.o
 .text.__cxa_pure_virtual
                0x08002208        0x2 obj/RaVus_vcu.o
                0x08002208                __cxa_pure_virtual
 *fill*         0x0800220a        0x2 
 .text._ZN5Param6ChangeENS_9PARAM_NUME
                0x0800220c      0x24c obj/RaVus_vcu.o
                0x0800220c                Param::Change(Param::PARAM_NUM)
 .text.tim4_isr
                0x08002458        0xc obj/RaVus_vcu.o
                0x08002458                tim4_isr
 .text.rtc_isr  0x08002464       0x5c obj/RaVus_vcu.o
                0x08002464                rtc_isr
 .text.startup.main
                0x080024c0      0x5a0 obj/RaVus_vcu.o
                0x080024c0                main
 .text.startup._GLOBAL__sub_I___cxa_pure_virtual
                0x08002a60      0x268 obj/RaVus_vcu.o
 .text.clock_setup
                0x08002cc8       0xc0 obj/hwinit.o
                0x08002cc8                clock_setup
 .text.spi2_setup
                0x08002d88       0x60 obj/hwinit.o
                0x08002d88                spi2_setup
 .text.spi3_setup
                0x08002de8       0x60 obj/hwinit.o
                0x08002de8                spi3_setup
 .text.usart2_setup
                0x08002e48       0x64 obj/hwinit.o
                0x08002e48                usart2_setup
 .text.nvic_setup
                0x08002eac       0x80 obj/hwinit.o
                0x08002eac                nvic_setup
 .text.rtc_setup
                0x08002f2c       0x22 obj/hwinit.o
                0x08002f2c                rtc_setup
 *fill*         0x08002f4e        0x2 
 .text.tim_setup
                0x08002f50       0x6c obj/hwinit.o
                0x08002f50                tim_setup
 .text.tim2_setup
                0x08002fbc       0x84 obj/hwinit.o
                0x08002fbc                tim2_setup
 .text.tim3_setup
                0x08003040      0x248 obj/hwinit.o
                0x08003040                tim3_setup
 .text._ZN14Stm32SchedulerC2Em
                0x08003288       0x40 obj/stm32scheduler.o
                0x08003288                Stm32Scheduler::Stm32Scheduler(unsigned long)
                0x08003288                Stm32Scheduler::Stm32Scheduler(unsigned long)
 .text._ZN14Stm32Scheduler7AddTaskEPFvvEt
                0x080032c8       0x6c obj/stm32scheduler.o
                0x080032c8                Stm32Scheduler::AddTask(void (*)(), unsigned short)
 .text._ZN14Stm32Scheduler3RunEv
                0x08003334       0x6e obj/stm32scheduler.o
                0x08003334                Stm32Scheduler::Run()
 .text._ZN14Stm32Scheduler10GetCpuLoadEv
                0x080033a2       0x28 obj/stm32scheduler.o
                0x080033a2                Stm32Scheduler::GetCpuLoad()
 *fill*         0x080033ca        0x2 
 .text._ZN5Param3SetENS_9PARAM_NUMEl
                0x080033cc       0x30 obj/params.o
                0x080033cc                Param::Set(Param::PARAM_NUM, long)
 .text._ZN5Param3GetENS_9PARAM_NUME
                0x080033fc        0xc obj/params.o
                0x080033fc                Param::Get(Param::PARAM_NUM)
 .text._ZN5Param6GetIntENS_9PARAM_NUME
                0x08003408       0x10 obj/params.o
                0x08003408                Param::GetInt(Param::PARAM_NUM)
 .text._ZN5Param8GetFloatENS_9PARAM_NUME
                0x08003418       0x1c obj/params.o
                0x08003418                Param::GetFloat(Param::PARAM_NUM)
 .text._ZN5Param7GetBoolENS_9PARAM_NUME
                0x08003434       0x14 obj/params.o
                0x08003434                Param::GetBool(Param::PARAM_NUM)
 .text._ZN5Param6SetIntENS_9PARAM_NUMEi
                0x08003448       0x10 obj/params.o
                0x08003448                Param::SetInt(Param::PARAM_NUM, int)
 .text._ZN5Param8SetFixedENS_9PARAM_NUMEl
                0x08003458        0xc obj/params.o
                0x08003458                Param::SetFixed(Param::PARAM_NUM, long)
 .text._ZN5Param8SetFloatENS_9PARAM_NUMEf
                0x08003464       0x20 obj/params.o
                0x08003464                Param::SetFloat(Param::PARAM_NUM, float)
 .text._ZN5Param13NumFromStringEPKc
                0x08003484       0x2c obj/params.o
                0x08003484                Param::NumFromString(char const*)
 .text._ZN5Param9NumFromIdEm
                0x080034b0       0x24 obj/params.o
                0x080034b0                Param::NumFromId(unsigned long)
 .text._ZN5Param9GetAttribENS_9PARAM_NUME
                0x080034d4       0x10 obj/params.o
                0x080034d4                Param::GetAttrib(Param::PARAM_NUM)
 .text._ZN5Param12LoadDefaultsEv
                0x080034e4       0x28 obj/params.o
                0x080034e4                Param::LoadDefaults()
 .text._ZN5Param11SetFlagsRawENS_9PARAM_NUMEh
                0x0800350c        0xc obj/params.o
                0x0800350c                Param::SetFlagsRaw(Param::PARAM_NUM, unsigned char)
 .text._ZN5Param7SetFlagENS_9PARAM_NUMENS_10PARAM_FLAGE
                0x08003518       0x10 obj/params.o
                0x08003518                Param::SetFlag(Param::PARAM_NUM, Param::PARAM_FLAG)
 .text._ZN5Param9ClearFlagENS_9PARAM_NUMENS_10PARAM_FLAGE
                0x08003528       0x10 obj/params.o
                0x08003528                Param::ClearFlag(Param::PARAM_NUM, Param::PARAM_FLAG)
 .text._ZN5Param7GetFlagENS_9PARAM_NUME
                0x08003538        0xc obj/params.o
                0x08003538                Param::GetFlag(Param::PARAM_NUM)
 .text._ZN5Param7GetTypeENS_9PARAM_NUME
                0x08003544       0x10 obj/params.o
                0x08003544                Param::GetType(Param::PARAM_NUM)
 .text._ZN5Param8GetIdSumEv
                0x08003554        0x8 obj/params.o
                0x08003554                Param::GetIdSum()
 .text.startup._GLOBAL__sub_I__ZN5Param3SetENS_9PARAM_NUMEl
                0x0800355c       0x14 obj/params.o
 .text._ZN8Terminal10KeyPressedEv
                0x08003570        0x8 obj/terminal.o
                0x08003570                Terminal::KeyPressed()
 .text._ZN8Terminal10FlushInputEv
                0x08003578        0x6 obj/terminal.o
                0x08003578                Terminal::FlushInput()
 .text._ZN8Terminal8ResetDMAEv
                0x0800357e       0x36 obj/terminal.o
                0x0800357e                Terminal::ResetDMA()
 .text._ZN8TerminalC2EmPK8TERM_CMDbb
                0x080035b4      0x148 obj/terminal.o
                0x080035b4                Terminal::Terminal(unsigned long, TERM_CMD const*, bool, bool)
                0x080035b4                Terminal::Terminal(unsigned long, TERM_CMD const*, bool, bool)
 .text._ZN8Terminal9CmdLookupEPc
                0x080036fc       0x28 obj/terminal.o
                0x080036fc                Terminal::CmdLookup(char*)
 .text._ZN8Terminal17SendCurrentBufferEm
                0x08003724       0x72 obj/terminal.o
                0x08003724                Terminal::SendCurrentBuffer(unsigned long)
 .text._ZN8Terminal7PutCharEc
                0x08003796       0x40 obj/terminal.o
                0x08003796                Terminal::PutChar(char)
 .text._ZN8Terminal10SendBinaryEPKhm
                0x080037d6       0x2a obj/terminal.o
                0x080037d6                Terminal::SendBinary(unsigned char const*, unsigned long)
 .text._ZN8Terminal4SendEPKc
                0x08003800       0x1a obj/terminal.o
                0x08003800                Terminal::Send(char const*)
 *fill*         0x0800381a        0x2 
 .text._ZN8Terminal10EnableUartEPc
                0x0800381c       0x5c obj/terminal.o
                0x0800381c                Terminal::EnableUart(char*)
 .text._ZN8Terminal8FastUartEPc
                0x08003878       0x78 obj/terminal.o
                0x08003878                Terminal::FastUart(char*)
 .text._ZN8Terminal4EchoEPc
                0x080038f0       0x38 obj/terminal.o
                0x080038f0                Terminal::Echo(char*)
 .text._ZN8Terminal3RunEv
                0x08003928      0x178 obj/terminal.o
                0x08003928                Terminal::Run()
 .text.putchar  0x08003aa0       0x14 obj/terminal.o
                0x08003aa0                putchar
 .text._ZL11PrintErrorsP8TerminalPc
                0x08003ab4        0x4 obj/terminal_prj.o
 .text._ZL11PrintSerialP8TerminalPc
                0x08003ab8       0x28 obj/terminal_prj.o
 .text._ZN16TerminalCommands15PrintParamsJsonEP8TerminalPc
                0x08003ae0        0x4 obj/terminal_prj.o
                0x08003ae0                TerminalCommands::PrintParamsJson(Terminal*, char*)
 .text._ZL8PrintAtrP8TerminalPc
                0x08003ae4       0x64 obj/terminal_prj.o
 .text._ZL9PrintListP8TerminalPc
                0x08003b48       0x3c obj/terminal_prj.o
 .text._ZL6GetAllP8TerminalPc
                0x08003b84       0x38 obj/terminal_prj.o
 .text._ZL12LoadDefaultsP8TerminalPc
                0x08003bbc       0x18 obj/terminal_prj.o
 .text.my_strcmp
                0x08003bd4       0x1c obj/my_string.o
                0x08003bd4                my_strcmp
 .text.my_strcpy
                0x08003bf0       0x12 obj/my_string.o
                0x08003bf0                my_strcpy
 .text.my_strlen
                0x08003c02        0xe obj/my_string.o
                0x08003c02                my_strlen
 .text.my_strchr
                0x08003c10       0x10 obj/my_string.o
                0x08003c10                my_strchr
 .text.my_ltoa  0x08003c20       0x56 obj/my_string.o
                0x08003c20                my_ltoa
 .text.my_atoi  0x08003c76       0x30 obj/my_string.o
                0x08003c76                my_atoi
 *fill*         0x08003ca6        0x2 
 .text.my_trim  0x08003ca8       0x54 obj/my_string.o
                0x08003ca8                my_trim
 .text.memcpy32
                0x08003cfc       0x16 obj/my_string.o
                0x08003cfc                memcpy32
 .text.memset32
                0x08003d12        0xc obj/my_string.o
                0x08003d12                memset32
 *fill*         0x08003d1e        0x2 
 .text._ZN6SpiADC13Read6ChannelsEv
                0x08003d20       0x8c obj/spiadc.o
                0x08003d20                SpiADC::Read6Channels()
 .text._ZN5DigIo9ConfigureEmtN7PinMode7PinModeE
                0x08003dac       0x6c obj/digio.o
                0x08003dac                DigIo::Configure(unsigned long, unsigned short, PinMode::PinMode)
 .text.fp_itoa  0x08003e18       0x5a obj/my_fp.o
                0x08003e18                fp_itoa
 .text.fp_atoi  0x08003e72       0x62 obj/my_fp.o
                0x08003e72                fp_atoi
 .text._ZL6printsP8IPutCharPKcii
                0x08003ed4       0x9c obj/printf.o
 .text._ZL6printiP8IPutChariiiiii
                0x08003f70       0xa0 obj/printf.o
 .text._ZN13ExternPutChar7PutCharEc
                0x08004010        0x6 obj/printf.o
                0x08004010                ExternPutChar::PutChar(char)
 *fill*         0x08004016        0x2 
 .text._ZL5printP8IPutCharPKcSt9__va_list
                0x08004018      0x11c obj/printf.o
 .text._Z6printfPKcz
                0x08004134       0x24 obj/printf.o
                0x08004134                printf(char const*, ...)
 .text._Z7fprintfP8IPutCharPKcz
                0x08004158       0x1a obj/printf.o
                0x08004158                fprintf(IPutChar*, char const*, ...)
 *fill*         0x08004172        0x2 
 .text._ZN5AnaIn5StartEv
                0x08004174       0xc0 obj/anain.o
                0x08004174                AnaIn::Start()
 .text._ZN5AnaIn7median3Eiii
                0x08004234       0x1e obj/anain.o
                0x08004234                AnaIn::median3(int, int, int)
 .text._ZN5AnaIn3GetEv
                0x08004252       0x44 obj/anain.o
                0x08004252                AnaIn::Get()
 *fill*         0x08004296        0x2 
 .text._ZN5AnaIn13AdcChFromPortEmi
                0x08004298       0x3c obj/anain.o
                0x08004298                AnaIn::AdcChFromPort(unsigned long, int)
 .text._ZN5AnaIn9ConfigureEmh
                0x080042d4       0x38 obj/anain.o
                0x080042d4                AnaIn::Configure(unsigned long, unsigned char)
 .text.startup._GLOBAL__sub_I__ZN5AnaIn13channel_arrayE
                0x0800430c       0x5c obj/anain.o
 .text._ZN8Throttle18CheckAndLimitRangeEPii
                0x08004368       0x50 obj/throttle.o
                0x08004368                Throttle::CheckAndLimitRange(int*, int)
 .text._ZN8Throttle17NormalizeThrottleEii
                0x080043b8       0x44 obj/throttle.o
                0x080043b8                Throttle::NormalizeThrottle(int, int)
 .text._ZN8Throttle12RampThrottleEf
                0x080043fc       0xb0 obj/throttle.o
                0x080043fc                Throttle::RampThrottle(float)
 .text._ZN8Throttle15CalcCruiseSpeedEi
                0x080044ac       0x60 obj/throttle.o
                0x080044ac                Throttle::CalcCruiseSpeed(int)
 .text._ZN8Throttle17TemperatureDerateEffRf
                0x0800450c       0x88 obj/throttle.o
                0x0800450c                Throttle::TemperatureDerate(float, float, float&)
 .text._ZN8Throttle15UdcLimitCommandERff
                0x08004594       0xdc obj/throttle.o
                0x08004594                Throttle::UdcLimitCommand(float&, float)
 .text._ZN8Throttle15IdcLimitCommandERff
                0x08004670       0xf0 obj/throttle.o
                0x08004670                Throttle::IdcLimitCommand(float&, float)
 .text._ZN8Throttle17SpeedLimitCommandERfi
                0x08004760       0x4c obj/throttle.o
                0x08004760                Throttle::SpeedLimitCommand(float&, int)
 .text._ZN8Throttle10AveragePosEf
                0x080047ac       0x48 obj/throttle.o
                0x080047ac                Throttle::AveragePos(float)
 *fill*         0x080047f4        0x4 
 .text._ZN8Throttle12CalcThrottleEiib
                0x080047f8      0x2c8 obj/throttle.o
                0x080047f8                Throttle::CalcThrottle(int, int, bool)
 .text._ZL5delayv
                0x08004ac0       0x10 obj/isa_shunt.o
 .text._ZN3ISA19RegisterCanMessagesEP11CanHardware
                0x08004ad0       0x66 obj/isa_shunt.o
                0x08004ad0                ISA::RegisterCanMessages(CanHardware*)
 *fill*         0x08004b36        0x2 
 .text._ZN3ISA4STOPEP11CanHardware
                0x08004b38       0x20 obj/isa_shunt.o
                0x08004b38                ISA::STOP(CanHardware*)
 .text._ZN3ISA9sendSTOREEP11CanHardware
                0x08004b58       0x1c obj/isa_shunt.o
                0x08004b58                ISA::sendSTORE(CanHardware*)
 .text._ZN3ISA5STARTEP11CanHardware
                0x08004b74       0x20 obj/isa_shunt.o
                0x08004b74                ISA::START(CanHardware*)
 .text._ZN3ISA10initializeEP11CanHardware
                0x08004b94       0x68 obj/isa_shunt.o
                0x08004b94                ISA::initialize(CanHardware*)
 .text._ZN3ISA9handle521EPm
                0x08004bfc       0x10 obj/isa_shunt.o
                0x08004bfc                ISA::handle521(unsigned long*)
 .text._ZN3ISA9handle522EPm
                0x08004c0c       0x10 obj/isa_shunt.o
                0x08004c0c                ISA::handle522(unsigned long*)
 .text._ZN3ISA9handle523EPm
                0x08004c1c       0x10 obj/isa_shunt.o
                0x08004c1c                ISA::handle523(unsigned long*)
 .text._ZN3ISA9handle524EPm
                0x08004c2c       0x10 obj/isa_shunt.o
                0x08004c2c                ISA::handle524(unsigned long*)
 .text._ZN3ISA9handle525EPm
                0x08004c3c       0x20 obj/isa_shunt.o
                0x08004c3c                ISA::handle525(unsigned long*)
 .text._ZN3ISA9handle526EPm
                0x08004c5c       0x10 obj/isa_shunt.o
                0x08004c5c                ISA::handle526(unsigned long*)
 .text._ZN3ISA9handle527EPm
                0x08004c6c       0x10 obj/isa_shunt.o
                0x08004c6c                ISA::handle527(unsigned long*)
 .text._ZN3ISA9handle528EPm
                0x08004c7c       0x10 obj/isa_shunt.o
                0x08004c7c                ISA::handle528(unsigned long*)
 .text._ZN3ISA9DecodeCANEiPm
                0x08004c8c       0x3c obj/isa_shunt.o
                0x08004c8c                ISA::DecodeCAN(int, unsigned long*)
 .text._ZN7BMW_E6013SetRevCounterEi
                0x08004cc8        0x4 obj/BMW_E60.o
                0x08004cc8                BMW_E60::SetRevCounter(int)
 .text._ZN7BMW_E6019SetTemperatureGaugeEf
                0x08004ccc        0x4 obj/BMW_E60.o
                0x08004ccc                BMW_E60::SetTemperatureGauge(float)
 .text._ZN7BMW_E605ReadyEv
                0x08004cd0        0x4 obj/BMW_E60.o
                0x08004cd0                BMW_E60::Ready()
 .text._ZN7BMW_E605StartEv
                0x08004cd4        0x4 obj/BMW_E60.o
                0x08004cd4                BMW_E60::Start()
 .text._ZN7BMW_E6014GetCruiseStateEv
                0x08004cd8       0x44 obj/BMW_E60.o
                0x08004cd8                BMW_E60::GetCruiseState()
 .text._ZN7BMW_E607DashOffEv
                0x08004d1c        0x6 obj/BMW_E60.o
                0x08004d1c                BMW_E60::DashOff()
 .text._ZN7BMW_E607GetGearERN7Vehicle4gearE
                0x08004d22        0x8 obj/BMW_E60.o
                0x08004d22                BMW_E60::GetGear(Vehicle::gear&)
 .text._ZN7BMW_E6015SetCanInterfaceEP11CanHardware
                0x08004d2a       0x3a obj/BMW_E60.o
                0x08004d2a                BMW_E60::SetCanInterface(CanHardware*)
 .text._ZN11CanHardware4SendEmPhh
                0x08004d64        0xc obj/BMW_E60.o
                0x08004d64                CanHardware::Send(unsigned long, unsigned char*, unsigned char)
 .text._ZN7BMW_E6016Batt_Voltage_3B3Ev
                0x08004d70       0x46 obj/BMW_E60.o
                0x08004d70                BMW_E60::Batt_Voltage_3B3()
 .text._ZN7BMW_E6016Batt_Voltage_3B4Ev
                0x08004db6       0x3c obj/BMW_E60.o
                0x08004db6                BMW_E60::Batt_Voltage_3B4()
 *fill*         0x08004df2        0x2 
 .text._ZN7BMW_E608Send_RPMEv
                0x08004df4       0xf8 obj/BMW_E60.o
                0x08004df4                BMW_E60::Send_RPM()
 .text._ZN7BMW_E608HeatflowEv
                0x08004eec       0x4c obj/BMW_E60.o
                0x08004eec                BMW_E60::Heatflow()
 .text._ZN7BMW_E608Dodge_PSEv
                0x08004f38       0x24 obj/BMW_E60.o
                0x08004f38                BMW_E60::Dodge_PS()
 .text._ZN7BMW_E607AC_CompEv
                0x08004f5c       0x3c obj/BMW_E60.o
                0x08004f5c                BMW_E60::AC_Comp()
 .text._ZN7BMW_E609Task100MsEv
                0x08004f98       0x30 obj/BMW_E60.o
                0x08004f98                BMW_E60::Task100Ms()
 .text._ZN7BMW_E6011Engine_DataEv
                0x08004fc8      0x11c obj/BMW_E60.o
                0x08004fc8                BMW_E60::Engine_Data()
 .text._ZN7BMW_E609DME_AliveEv
                0x080050e4       0x3c obj/BMW_E60.o
                0x080050e4                BMW_E60::DME_Alive()
 .text._ZN7BMW_E6012Gear_DisplayEv
                0x08005120       0x60 obj/BMW_E60.o
                0x08005120                BMW_E60::Gear_Display()
 .text._ZN7BMW_E605Gear2Ev
                0x08005180       0x24 obj/BMW_E60.o
                0x08005180                BMW_E60::Gear2()
 .text._ZN7BMW_E6015Check_Engine_OnEv
                0x080051a4       0x24 obj/BMW_E60.o
                0x080051a4                BMW_E60::Check_Engine_On()
 .text._ZN7BMW_E6016Check_Engine_OffEv
                0x080051c8       0x24 obj/BMW_E60.o
                0x080051c8                BMW_E60::Check_Engine_Off()
 .text._ZN7BMW_E6014Charge_Batt_OnEv
                0x080051ec       0x24 obj/BMW_E60.o
                0x080051ec                BMW_E60::Charge_Batt_On()
 .text._ZN7BMW_E6015Charge_Batt_OffEv
                0x08005210       0x24 obj/BMW_E60.o
                0x08005210                BMW_E60::Charge_Batt_Off()
 .text._ZN7BMW_E6012Over_heat_OnEv
                0x08005234       0x24 obj/BMW_E60.o
                0x08005234                BMW_E60::Over_heat_On()
 .text._ZN7BMW_E6010Temp_GaugeEv
                0x08005258       0x84 obj/BMW_E60.o
                0x08005258                BMW_E60::Temp_Gauge()
 .text._ZN7BMW_E6012Reset_CruiseEv
                0x080052dc       0x34 obj/BMW_E60.o
                0x080052dc                BMW_E60::Reset_Cruise()
 .text._ZN7BMW_E609DecodeCANEiPm
                0x08005310      0x32c obj/BMW_E60.o
                0x08005310                BMW_E60::DecodeCAN(int, unsigned long*)
 *fill*         0x0800563c        0x4 
 .text._ZN7BMW_E6014Cruise_ControlEv
                0x08005640       0xa4 obj/BMW_E60.o
                0x08005640                BMW_E60::Cruise_Control()
 .text._ZN7BMW_E609Task200MsEv
                0x080056e4       0x68 obj/BMW_E60.o
                0x080056e4                BMW_E60::Task200Ms()
 .text._ZN7BMW_E6018SendAbsDscMessagesEb
                0x0800574c      0x12c obj/BMW_E60.o
                0x0800574c                BMW_E60::SendAbsDscMessages(bool)
 .text._ZN7BMW_E608Task10MsEv
                0x08005878       0x7c obj/BMW_E60.o
                0x08005878                BMW_E60::Task10Ms()
 .text._ZN11GS450HClass22GetInverterTemperatureEv
                0x080058f4        0x4 obj/GS450H.o
                0x080058f4                GS450HClass::GetInverterTemperature()
 .text._ZN11GS450HClass18GetInverterVoltageEv
                0x080058f8        0xc obj/GS450H.o
                0x080058f8                GS450HClass::GetInverterVoltage()
 .text._ZN11GS450HClass13GetMotorSpeedEv
                0x08005904        0xc obj/GS450H.o
                0x08005904                GS450HClass::GetMotorSpeed()
 .text._ZN11GS450HClass16GetInverterStateEv
                0x08005910        0xc obj/GS450H.o
                0x08005910                GS450HClass::GetInverterState()
 *fill*         0x0800591c        0x4 
 .text._ZN11GS450HClass19GetMotorTemperatureEv
                0x08005920       0x80 obj/GS450H.o
                0x08005920                GS450HClass::GetMotorTemperature()
 .text._ZL9dma_writePKhi
                0x080059a0       0x7c obj/GS450H.o
 .text._ZL8dma_readPhi.constprop.0
                0x08005a1c       0x7c obj/GS450H.o
 .text._ZN5DigIo3GetEv
                0x08005a98       0x24 obj/GS450H.o
                0x08005a98                DigIo::Get()
 .text._ZN11GS450HClass10GS450HgearEv
                0x08005abc       0xec obj/GS450H.o
                0x08005abc                GS450HClass::GS450Hgear()
 .text._ZN11GS450HClass9SetTorqueEf
                0x08005ba8      0x1b0 obj/GS450H.o
                0x08005ba8                GS450HClass::SetTorque(float)
 .text._ZN11GS450HClass12GS450HoutputEv
                0x08005d58       0xbc obj/GS450H.o
                0x08005d58                GS450HClass::GS450Houtput()
 .text._ZN11GS450HClass9Task100MsEv
                0x08005e14       0x14 obj/GS450H.o
                0x08005e14                GS450HClass::Task100Ms()
 .text._ZN11GS450HClass17VerifyMTHChecksumEt
                0x08005e28       0x34 obj/GS450H.o
                0x08005e28                GS450HClass::VerifyMTHChecksum(unsigned short)
 .text._ZN11GS450HClass15CalcHTMChecksumEt
                0x08005e5c       0x2c obj/GS450H.o
                0x08005e5c                GS450HClass::CalcHTMChecksum(unsigned short)
 .text._ZN11GS450HClass7Task1MsEv
                0x08005e88      0x440 obj/GS450H.o
                0x08005e88                GS450HClass::Task1Ms()
 .text._ZN11GS450HClass13setTimerStateEb
                0x080062c8       0x30 obj/GS450H.o
                0x080062c8                GS450HClass::setTimerState(bool)
 .text._ZN11GS450HClass8SetPriusEv
                0x080062f8       0x4c obj/GS450H.o
                0x080062f8                GS450HClass::SetPrius()
 .text._ZN11GS450HClass9SetGS450HEv
                0x08006344       0x30 obj/GS450H.o
                0x08006344                GS450HClass::SetGS450H()
 .text._ZN11GS450HClass9SetGS300HEv
                0x08006374       0x48 obj/GS450H.o
                0x08006374                GS450HClass::SetGS300H()
 .text._ZN11GS450HClass6DeInitEv
                0x080063bc        0x6 obj/GS450H.o
                0x080063bc                GS450HClass::DeInit()
 .text._ZN7BMW_E3913SetRevCounterEi
                0x080063c2        0x4 obj/BMW_E39.o
                0x080063c2                BMW_E39::SetRevCounter(int)
 *fill*         0x080063c6        0x2 
 .text._ZN7BMW_E3919SetTemperatureGaugeEf
                0x080063c8       0x24 obj/BMW_E39.o
                0x080063c8                BMW_E39::SetTemperatureGauge(float)
 .text._ZN7BMW_E395StartEv
                0x080063ec        0x6 obj/BMW_E39.o
                0x080063ec                BMW_E39::Start()
 .text._ZN7BMW_E3915SetCanInterfaceEP11CanHardware
                0x080063f2       0x22 obj/BMW_E39.o
                0x080063f2                BMW_E39::SetCanInterface(CanHardware*)
 .text._ZN7BMW_E399DecodeCANEiPm
                0x08006414       0x38 obj/BMW_E39.o
                0x08006414                BMW_E39::DecodeCAN(int, unsigned long*)
 .text._ZN7BMW_E399Task100MsEv
                0x0800644c       0x1c obj/BMW_E39.o
                0x0800644c                BMW_E39::Task100Ms()
 .text._ZN7BMW_E395ReadyEv
                0x08006468       0x10 obj/BMW_E39.o
                0x08006468                BMW_E39::Ready()
 .text._ZN7BMW_E396Msg316Ev
                0x08006478       0x42 obj/BMW_E39.o
                0x08006478                BMW_E39::Msg316()
 *fill*         0x080064ba        0x2 
 .text._ZN7BMW_E396Msg329Ev
                0x080064bc       0x64 obj/BMW_E39.o
                0x080064bc                BMW_E39::Msg329()
 .text._ZN7BMW_E396Msg43BEv
                0x08006520       0x22 obj/BMW_E39.o
                0x08006520                BMW_E39::Msg43B()
 *fill*         0x08006542        0x2 
 .text._ZN7BMW_E396Msg545Ev
                0x08006544       0x40 obj/BMW_E39.o
                0x08006544                BMW_E39::Msg545()
 .text._ZN7BMW_E396Msg43FEa
                0x08006584       0x48 obj/BMW_E39.o
                0x08006584                BMW_E39::Msg43F(signed char)
 .text._ZN7BMW_E398Task10MsEv
                0x080065cc       0x3a obj/BMW_E39.o
                0x080065cc                BMW_E39::Task10Ms()
 .text._ZN7Can_VAG13SetRevCounterEi
                0x08006606        0x4 obj/Can_VAG.o
                0x08006606                Can_VAG::SetRevCounter(int)
 .text._ZN7Can_VAG19SetTemperatureGaugeEf
                0x0800660a        0x2 obj/Can_VAG.o
                0x0800660a                Can_VAG::SetTemperatureGauge(float)
 .text._ZN7Can_VAG5StartEv
                0x0800660c        0x6 obj/Can_VAG.o
                0x0800660c                Can_VAG::Start()
 *fill*         0x08006612        0x2 
 .text._ZN7Can_VAG5ReadyEv
                0x08006614       0x28 obj/Can_VAG.o
                0x08006614                Can_VAG::Ready()
 .text._ZN7Can_VAG9Task100MsEv
                0x0800663c       0x9c obj/Can_VAG.o
                0x0800663c                Can_VAG::Task100Ms()
 .text._ZN7Can_VAG8Task10MsEv
                0x080066d8       0x56 obj/Can_VAG.o
                0x080066d8                Can_VAG::Task10Ms()
 *fill*         0x0800672e        0x2 
 .text._ZN6Can_OI19GetMotorTemperatureEv
                0x08006730       0x14 obj/Can_OI.o
                0x08006730                Can_OI::GetMotorTemperature()
 .text._ZN6Can_OI22GetInverterTemperatureEv
                0x08006744       0x14 obj/Can_OI.o
                0x08006744                Can_OI::GetInverterTemperature()
 .text._ZN6Can_OI18GetInverterVoltageEv
                0x08006758       0x10 obj/Can_OI.o
                0x08006758                Can_OI::GetInverterVoltage()
 .text._ZN6Can_OI13GetMotorSpeedEv
                0x08006768       0x14 obj/Can_OI.o
                0x08006768                Can_OI::GetMotorSpeed()
 .text._ZN6Can_OI16GetInverterStateEv
                0x0800677c       0x28 obj/Can_OI.o
                0x0800677c                Can_OI::GetInverterState()
 .text._ZN6Can_OI15SetCanInterfaceEP11CanHardware
                0x080067a4       0x3a obj/Can_OI.o
                0x080067a4                Can_OI::SetCanInterface(CanHardware*)
 *fill*         0x080067de        0x2 
 .text._ZN6Can_OI9SetTorqueEf
                0x080067e0       0xf0 obj/Can_OI.o
                0x080067e0                Can_OI::SetTorque(float)
 .text._ZN6Can_OI9DecodeCANEiPm
                0x080068d0       0x5c obj/Can_OI.o
                0x080068d0                Can_OI::DecodeCAN(int, unsigned long*)
 .text._ZN6Can_OI9Task100MsEv
                0x0800692c       0x44 obj/Can_OI.o
                0x0800692c                Can_OI::Task100Ms()
 .text._ZN17OutlanderInverter19GetMotorTemperatureEv
                0x08006970        0xc obj/outlanderinverter.o
                0x08006970                OutlanderInverter::GetMotorTemperature()
 .text._ZN17OutlanderInverter22GetInverterTemperatureEv
                0x0800697c        0xc obj/outlanderinverter.o
                0x0800697c                OutlanderInverter::GetInverterTemperature()
 .text._ZN17OutlanderInverter18GetInverterVoltageEv
                0x08006988        0xa obj/outlanderinverter.o
                0x08006988                OutlanderInverter::GetInverterVoltage()
 .text._ZN17OutlanderInverter13GetMotorSpeedEv
                0x08006992        0xc obj/outlanderinverter.o
                0x08006992                OutlanderInverter::GetMotorSpeed()
 .text._ZN17OutlanderInverter16GetInverterStateEv
                0x0800699e        0x4 obj/outlanderinverter.o
                0x0800699e                OutlanderInverter::GetInverterState()
 .text._ZN17OutlanderInverter9DecodeCANEiPm
                0x080069a2       0x4c obj/outlanderinverter.o
                0x080069a2                OutlanderInverter::DecodeCAN(int, unsigned long*)
 *fill*         0x080069ee        0x2 
 .text._ZN17OutlanderInverter9Task100MsEv
                0x080069f0       0x58 obj/outlanderinverter.o
                0x080069f0                OutlanderInverter::Task100Ms()
 .text._ZN17OutlanderInverter15SetCanInterfaceEP11CanHardware
                0x08006a48       0x2e obj/outlanderinverter.o
                0x08006a48                OutlanderInverter::SetCanInterface(CanHardware*)
 *fill*         0x08006a76        0x2 
 .text._ZN17OutlanderInverter9SetTorqueEf
                0x08006a78       0x38 obj/outlanderinverter.o
                0x08006a78                OutlanderInverter::SetTorque(float)
 .text._ZN17OutlanderInverter8Task10MsEv
                0x08006ab0       0x30 obj/outlanderinverter.o
                0x08006ab0                OutlanderInverter::Task10Ms()
 .text._ZN17OutlanderInverterC2Ev
                0x08006ae0        0xc obj/outlanderinverter.o
                0x08006ae0                OutlanderInverter::OutlanderInverter()
                0x08006ae0                OutlanderInverter::OutlanderInverter()
 .text._ZN12NullCallback8HandleRxEmPmh
                0x08006aec        0x2 obj/canhardware.o
                0x08006aec                NullCallback::HandleRx(unsigned long, unsigned long*, unsigned char)
 .text._ZN12NullCallback11HandleClearEv
                0x08006aee        0x2 obj/canhardware.o
                0x08006aee                NullCallback::HandleClear()
 .text._ZN11CanHardwareC2Ev
                0x08006af0       0x28 obj/canhardware.o
                0x08006af0                CanHardware::CanHardware()
                0x08006af0                CanHardware::CanHardware()
 .text._ZN11CanHardware11AddCallbackEP11CanCallback
                0x08006b18       0x1e obj/canhardware.o
                0x08006b18                CanHardware::AddCallback(CanCallback*)
 .text._ZN11CanHardware19RegisterUserMessageEmm
                0x08006b36       0x3a obj/canhardware.o
                0x08006b36                CanHardware::RegisterUserMessage(unsigned long, unsigned long)
 .text._ZN11CanHardware17ClearUserMessagesEv
                0x08006b70       0x2c obj/canhardware.o
                0x08006b70                CanHardware::ClearUserMessages()
 .text._ZN11CanHardware8HandleRxEmPmh
                0x08006b9c       0x34 obj/canhardware.o
                0x08006b9c                CanHardware::HandleRx(unsigned long, unsigned long*, unsigned char)
 .text._ZN6CanMap11HandleClearEv
                0x08006bd0       0x3a obj/canmap.o
                0x08006bd0                CanMap::HandleClear()
 *fill*         0x08006c0a        0x2 
 .text._ZN6CanMap7SendAllEv
                0x08006c0c      0x120 obj/canmap.o
                0x08006c0c                CanMap::SendAll()
 .text._ZN6CanMap6RemoveEbhh
                0x08006d2c       0x84 obj/canmap.o
                0x08006d2c                CanMap::Remove(bool, unsigned char, unsigned char)
 .text._ZN6CanMap6RemoveEN5Param9PARAM_NUME
                0x08006db0       0x6e obj/canmap.o
                0x08006db0                CanMap::Remove(Param::PARAM_NUM)
 .text._ZN6CanMap7FindMapEN5Param9PARAM_NUMERmRhRaRfS4_Rb
                0x08006e1e       0x8c obj/canmap.o
                0x08006e1e                CanMap::FindMap(Param::PARAM_NUM, unsigned long&, unsigned char&, signed char&, float&, signed char&, bool&)
 .text._ZN6CanMap6GetMapEbhhRm
                0x08006eaa       0x4c obj/canmap.o
                0x08006eaa                CanMap::GetMap(bool, unsigned char, unsigned char, unsigned long&)
 .text._ZN6CanMap13IterateCanMapEPFvN5Param9PARAM_NUMEmhafabE
                0x08006ef6       0x8c obj/canmap.o
                0x08006ef6                CanMap::IterateCanMap(void (*)(Param::PARAM_NUM, unsigned long, unsigned char, signed char, float, signed char, bool))
 .text._ZN6CanMap8ClearMapEPNS_8CANIDMAPE
                0x08006f82       0x20 obj/canmap.o
                0x08006f82                CanMap::ClearMap(CanMap::CANIDMAP*)
 .text._ZN6CanMap5ClearEv
                0x08006fa2       0x20 obj/canmap.o
                0x08006fa2                CanMap::Clear()
 .text._ZN6CanMap11SaveToFlashEmPmi
                0x08006fc2       0x30 obj/canmap.o
                0x08006fc2                CanMap::SaveToFlash(unsigned long, unsigned long*, int)
 .text._ZN6CanMap8FindByIdEPNS_8CANIDMAPEm
                0x08006ff2       0x1e obj/canmap.o
                0x08006ff2                CanMap::FindById(CanMap::CANIDMAP*, unsigned long)
 .text._ZN6CanMap8HandleRxEmPmh
                0x08007010      0x114 obj/canmap.o
                0x08007010                CanMap::HandleRx(unsigned long, unsigned long*, unsigned char)
 .text._ZN6CanMap3AddEPNS_8CANIDMAPEN5Param9PARAM_NUMEmhafa
                0x08007124       0xec obj/canmap.o
                0x08007124                CanMap::Add(CanMap::CANIDMAP*, Param::PARAM_NUM, unsigned long, unsigned char, signed char, float, signed char)
 .text._ZN6CanMap7AddSendEN5Param9PARAM_NUMEmhafa
                0x08007210       0x32 obj/canmap.o
                0x08007210                CanMap::AddSend(Param::PARAM_NUM, unsigned long, unsigned char, signed char, float, signed char)
 .text._ZN6CanMap7AddRecvEN5Param9PARAM_NUMEmhafa
                0x08007242       0x4e obj/canmap.o
                0x08007242                CanMap::AddRecv(Param::PARAM_NUM, unsigned long, unsigned char, signed char, float, signed char)
 .text._ZZN6CanMap19LegacyLoadFromFlashEvENKUlPZNS_19LegacyLoadFromFlashEvE15LEGACY_CANIDMAPPNS_8CANIDMAPEbE_clES1_S3_b
                0x08007290       0xa6 obj/canmap.o
 .text._ZN6CanMap15GetFlashAddressEv
                0x08007336       0x12 obj/canmap.o
                0x08007336                CanMap::GetFlashAddress()
 .text._ZN6CanMap19LegacyLoadFromFlashEv
                0x08007348       0x48 obj/canmap.o
                0x08007348                CanMap::LegacyLoadFromFlash()
 .text._ZN6CanMap21ReplaceParamEnumByUidEPNS_8CANIDMAPE
                0x08007390       0x3c obj/canmap.o
                0x08007390                CanMap::ReplaceParamEnumByUid(CanMap::CANIDMAP*)
 .text._ZN6CanMap21ReplaceParamUidByEnumEPNS_8CANIDMAPE
                0x080073cc       0x3a obj/canmap.o
                0x080073cc                CanMap::ReplaceParamUidByEnum(CanMap::CANIDMAP*)
 *fill*         0x08007406        0x2 
 .text._ZN6CanMap4SaveEv
                0x08007408       0xbc obj/canmap.o
                0x08007408                CanMap::Save()
 .text._ZN6CanMap13LoadFromFlashEv
                0x080074c4       0x68 obj/canmap.o
                0x080074c4                CanMap::LoadFromFlash()
 .text._ZN6CanMapC2EP11CanHardwareb
                0x0800752c       0x40 obj/canmap.o
                0x0800752c                CanMap::CanMap(CanHardware*, bool)
                0x0800752c                CanMap::CanMap(CanHardware*, bool)
 .text.parm_save
                0x0800756c       0xca obj/param_save.o
                0x0800756c                parm_save
 .text.parm_load
                0x08007636       0x60 obj/param_save.o
                0x08007636                parm_load
 *fill*         0x08007696        0x2 
 .text._ZN12ErrorMessage7SetTimeEm
                0x08007698        0xc obj/errormessage.o
                0x08007698                ErrorMessage::SetTime(unsigned long)
 .text._ZN12ErrorMessage4PostE17ERROR_MESSAGE_NUM
                0x080076a4       0x44 obj/errormessage.o
                0x080076a4                ErrorMessage::Post(ERROR_MESSAGE_NUM)
 .text._ZN12ErrorMessage9UnpostAllEv
                0x080076e8       0x18 obj/errormessage.o
                0x080076e8                ErrorMessage::UnpostAll()
 .text._ZN12ErrorMessage12GetLastErrorEv
                0x08007700        0xc obj/errormessage.o
                0x08007700                ErrorMessage::GetLastError()
 .text._ZN12ErrorMessage10PrintErrorEm17ERROR_MESSAGE_NUM
                0x0800770c       0x2c obj/errormessage.o
                0x0800770c                ErrorMessage::PrintError(unsigned long, ERROR_MESSAGE_NUM)
 .text._ZN12ErrorMessage14PrintAllErrorsEv
                0x08007738       0x30 obj/errormessage.o
                0x08007738                ErrorMessage::PrintAllErrors()
 .text._ZN8Stm32Can11SetBaudrateEN11CanHardware9baudratesE
                0x08007768       0x3c obj/stm32_can.o
                0x08007768                Stm32Can::SetBaudrate(CanHardware::baudrates)
 .text._ZN8Stm32Can4SendEmPmh
                0x080077a4       0x70 obj/stm32_can.o
                0x080077a4                Stm32Can::Send(unsigned long, unsigned long*, unsigned char)
 .text._ZN8Stm32Can13HandleMessageEi
                0x08007814       0x52 obj/stm32_can.o
                0x08007814                Stm32Can::HandleMessage(int)
 .text._ZN8Stm32Can8HandleTxEv
                0x08007866       0x68 obj/stm32_can.o
                0x08007866                Stm32Can::HandleTx()
 .text._ZN8Stm32Can13SetFilterBankERiS0_Pt
                0x080078ce       0x48 obj/stm32_can.o
                0x080078ce                Stm32Can::SetFilterBank(int&, int&, unsigned short*)
 .text._ZN8Stm32Can17SetFilterBankMaskERiS0_Pt
                0x08007916       0x4c obj/stm32_can.o
                0x08007916                Stm32Can::SetFilterBankMask(int&, int&, unsigned short*)
 .text._ZN8Stm32Can15SetFilterBank29ERiS0_Pm
                0x08007962       0x36 obj/stm32_can.o
                0x08007962                Stm32Can::SetFilterBank29(int&, int&, unsigned long*)
 .text._ZN8Stm32Can16ConfigureFiltersEv
                0x08007998      0x110 obj/stm32_can.o
                0x08007998                Stm32Can::ConfigureFilters()
 .text._ZN8Stm32CanC2EmN11CanHardware9baudratesEb
                0x08007aa8      0x150 obj/stm32_can.o
                0x08007aa8                Stm32Can::Stm32Can(unsigned long, CanHardware::baudrates, bool)
                0x08007aa8                Stm32Can::Stm32Can(unsigned long, CanHardware::baudrates, bool)
 .text.usb_lp_can_rx0_isr
                0x08007bf8       0x10 obj/stm32_can.o
                0x08007bf8                usb_lp_can_rx0_isr
 .text.can_rx1_isr
                0x08007c08       0x10 obj/stm32_can.o
                0x08007c08                can_rx1_isr
 .text.usb_hp_can_tx_isr
                0x08007c18        0xc obj/stm32_can.o
                0x08007c18                usb_hp_can_tx_isr
 .text.can2_rx0_isr
                0x08007c24       0x10 obj/stm32_can.o
                0x08007c24                can2_rx0_isr
 .text.can2_rx1_isr
                0x08007c34       0x10 obj/stm32_can.o
                0x08007c34                can2_rx1_isr
 .text.can2_tx_isr
                0x08007c44        0xc obj/stm32_can.o
                0x08007c44                can2_tx_isr
 .text._ZN7LeafINV19GetMotorTemperatureEv
                0x08007c50        0xc obj/leafinv.o
                0x08007c50                LeafINV::GetMotorTemperature()
 .text._ZN7LeafINV22GetInverterTemperatureEv
                0x08007c5c        0xc obj/leafinv.o
                0x08007c5c                LeafINV::GetInverterTemperature()
 .text._ZN7LeafINV18GetInverterVoltageEv
                0x08007c68        0xa obj/leafinv.o
                0x08007c68                LeafINV::GetInverterVoltage()
 .text._ZN7LeafINV13GetMotorSpeedEv
                0x08007c72        0xc obj/leafinv.o
                0x08007c72                LeafINV::GetMotorSpeed()
 .text._ZN7LeafINV16GetInverterStateEv
                0x08007c7e        0x4 obj/leafinv.o
                0x08007c7e                LeafINV::GetInverterState()
 .text._ZN7LeafINV15SetCanInterfaceEP11CanHardware
                0x08007c82       0x2a obj/leafinv.o
                0x08007c82                LeafINV::SetCanInterface(CanHardware*)
 .text._ZN7LeafINV9SetTorqueEf
                0x08007cac       0x44 obj/leafinv.o
                0x08007cac                LeafINV::SetTorque(float)
 .text._ZN7LeafINV8Task10MsEv
                0x08007cf0        0x8 obj/leafinv.o
                0x08007cf0                LeafINV::Task10Ms()
 .text._ZN7LeafINV9Task100MsEv
                0x08007cf8        0x4 obj/leafinv.o
                0x08007cf8                LeafINV::Task100Ms()
 .text._ZN7LeafINV21fahrenheit_to_celsiusEt
                0x08007cfc       0x28 obj/leafinv.o
                0x08007cfc                LeafINV::fahrenheit_to_celsius(unsigned short)
 .text._ZN7LeafINV9DecodeCANEiPm
                0x08007d24       0x8c obj/leafinv.o
                0x08007d24                LeafINV::DecodeCAN(int, unsigned long*)
 .text._ZN5utils18PostErrorIfRunningE17ERROR_MESSAGE_NUM
                0x08007db0       0x1a obj/utils.o
                0x08007db0                utils::PostErrorIfRunning(ERROR_MESSAGE_NUM)
 *fill*         0x08007dca        0x2 
 .text._ZN5utils12GetDigInputsEP11CanHardware
                0x08007dcc       0xe4 obj/utils.o
                0x08007dcc                utils::GetDigInputs(CanHardware*)
 .text._ZN5utils22GetUserThrottleCommandEv
                0x08007eb0      0x124 obj/utils.o
                0x08007eb0                utils::GetUserThrottleCommand()
 .text._ZN5utils15SelectDirectionEP7VehicleP7Shifter
                0x08007fd4       0xfa obj/utils.o
                0x08007fd4                utils::SelectDirection(Vehicle*, Shifter*)
 *fill*         0x080080ce        0x2 
 .text._ZN5utils10ProcessUdcEi
                0x080080d0      0x278 obj/utils.o
                0x080080d0                utils::ProcessUdc(int)
 .text._ZN5utils15ProcessThrottleEi
                0x08008348      0x16c obj/utils.o
                0x08008348                utils::ProcessThrottle(int)
 .text._ZN5utils15displayThrottleEv
                0x080084b4       0x16 obj/utils.o
                0x080084b4                utils::displayThrottle()
 *fill*         0x080084ca        0x2 
 .text._ZN5utils7CalcSOCEv
                0x080084cc       0x64 obj/utils.o
                0x080084cc                utils::CalcSOC()
 .text._ZN5utils27ProcessCruiseControlButtonsEv
                0x08008530      0x104 obj/utils.o
                0x08008530                utils::ProcessCruiseControlButtons()
 *fill*         0x08008634        0x4 
 .text._ZN5utils13CpSpoofOutputEv
                0x08008638       0xac obj/utils.o
                0x08008638                utils::CpSpoofOutput()
 .text._ZN5utils11SpeedoStartEv
                0x080086e4       0x28 obj/utils.o
                0x080086e4                utils::SpeedoStart()
 .text._ZN5utils9SpeedoSetEt
                0x0800870c       0x78 obj/utils.o
                0x0800870c                utils::SpeedoSet(unsigned short)
 .text._ZN5utils13GS450hOilPumpEt
                0x08008784       0xa0 obj/utils.o
                0x08008784                utils::GS450hOilPump(unsigned short)
 .text._ZN16TerminalCommands11PrintCanMapEN5Param9PARAM_NUMEmhafab
                0x08008824       0x74 obj/terminalcommands.o
                0x08008824                TerminalCommands::PrintCanMap(Param::PARAM_NUM, unsigned long, unsigned char, signed char, float, signed char, bool)
 .text._ZN16TerminalCommands8ParamSetEP8TerminalPc
                0x08008898       0x6c obj/terminalcommands.o
                0x08008898                TerminalCommands::ParamSet(Terminal*, char*)
 .text._ZN16TerminalCommands8ParamGetEP8TerminalPc
                0x08008904       0x60 obj/terminalcommands.o
                0x08008904                TerminalCommands::ParamGet(Terminal*, char*)
 .text._ZN16TerminalCommands9ParamFlagEP8TerminalPc
                0x08008964       0x94 obj/terminalcommands.o
                0x08008964                TerminalCommands::ParamFlag(Terminal*, char*)
 .text._ZN16TerminalCommands15PrintParamsJsonEP8IPutCharPc
                0x080089f8      0x158 obj/terminalcommands.o
                0x080089f8                TerminalCommands::PrintParamsJson(IPutChar*, char*)
 .text._ZN16TerminalCommands6MapCanEP8TerminalPc
                0x08008b50      0x1c8 obj/terminalcommands.o
                0x08008b50                TerminalCommands::MapCan(Terminal*, char*)
 .text._ZN16TerminalCommands14SaveParametersEP8TerminalPc
                0x08008d18       0x50 obj/terminalcommands.o
                0x08008d18                TerminalCommands::SaveParameters(Terminal*, char*)
 .text._ZN16TerminalCommands14LoadParametersEP8TerminalPc
                0x08008d68       0x30 obj/terminalcommands.o
                0x08008d68                TerminalCommands::LoadParameters(Terminal*, char*)
 .text._ZN16TerminalCommands5ResetEP8TerminalPc
                0x08008d98        0x6 obj/terminalcommands.o
                0x08008d98                TerminalCommands::Reset(Terminal*, char*)
 .text._ZN16TerminalCommands19ParamNamesToIndexesEPcPN5Param9PARAM_NUMEm
                0x08008d9e       0x4c obj/terminalcommands.o
                0x08008d9e                TerminalCommands::ParamNamesToIndexes(char*, Param::PARAM_NUM*, unsigned long)
 *fill*         0x08008dea        0x2 
 .text._ZN16TerminalCommands11ParamStreamEP8TerminalPc
                0x08008dec       0xb4 obj/terminalcommands.o
                0x08008dec                TerminalCommands::ParamStream(Terminal*, char*)
 .text._ZN10i3LIMClass15SetCanInterfaceEP11CanHardware
                0x08008ea0       0x46 obj/i3LIM.o
                0x08008ea0                i3LIMClass::SetCanInterface(CanHardware*)
 *fill*         0x08008ee6        0x2 
 .text._ZN10i3LIMClass8Task10MsEv
                0x08008ee8       0x9c obj/i3LIM.o
                0x08008ee8                i3LIMClass::Task10Ms()
 .text._ZN10i3LIMClass9Task200MsEv
                0x08008f84      0x1a8 obj/i3LIM.o
                0x08008f84                i3LIMClass::Task200Ms()
 .text._ZN10i3LIMClass9Task100MsEv
                0x0800912c      0x184 obj/i3LIM.o
                0x0800912c                i3LIMClass::Task100Ms()
 .text._ZN10i3LIMClass9ACRequestEb
                0x080092b0       0x94 obj/i3LIM.o
                0x080092b0                i3LIMClass::ACRequest(bool)
 *fill*         0x08009344        0x4 
 .text._ZN10i3LIMClass9handle3B4EPm
                0x08009348       0xac obj/i3LIM.o
                0x08009348                i3LIMClass::handle3B4(unsigned long*)
 .text._ZN10i3LIMClass9handle29EEPm
                0x080093f4       0x4c obj/i3LIM.o
                0x080093f4                i3LIMClass::handle29E(unsigned long*)
 .text._ZN10i3LIMClass9handle2B2EPm
                0x08009440       0x38 obj/i3LIM.o
                0x08009440                i3LIMClass::handle2B2(unsigned long*)
 .text._ZN10i3LIMClass9handle2EFEPm
                0x08009478       0x28 obj/i3LIM.o
                0x08009478                i3LIMClass::handle2EF(unsigned long*)
 .text._ZN10i3LIMClass9handle272EPm
                0x080094a0       0x1e obj/i3LIM.o
                0x080094a0                i3LIMClass::handle272(unsigned long*)
 .text._ZN10i3LIMClass9DecodeCANEiPm
                0x080094be       0x44 obj/i3LIM.o
                0x080094be                i3LIMClass::DecodeCAN(int, unsigned long*)
 *fill*         0x08009502        0x2 
 .text._ZN10i3LIMClass11CCS_Pwr_ConEv
                0x08009504       0xb0 obj/i3LIM.o
                0x08009504                i3LIMClass::CCS_Pwr_Con()
 .text._ZN10i3LIMClass10Chg_TimersEv
                0x080095b4       0x54 obj/i3LIM.o
                0x080095b4                i3LIMClass::Chg_Timers()
 .text._ZN10i3LIMClass11DCFCRequestEb
                0x08009608      0x3a8 obj/i3LIM.o
                0x08009608                i3LIMClass::DCFCRequest(bool)
 .text._ZN13amperaCharger13ControlChargeEbb
                0x080099b0        0x4 obj/amperacharger.o
                0x080099b0                amperaCharger::ControlCharge(bool, bool)
 .text._Z8BMW_crc8PKht
                0x080099b4       0x20 obj/bmw_sbox.o
                0x080099b4                BMW_crc8(unsigned char const*, unsigned short)
 .text._ZN4SBOX19RegisterCanMessagesEP11CanHardware
                0x080099d4       0x2a obj/bmw_sbox.o
                0x080099d4                SBOX::RegisterCanMessages(CanHardware*)
 *fill*         0x080099fe        0x2 
 .text._ZN4SBOX9handle200EPm
                0x08009a00       0x1c obj/bmw_sbox.o
                0x08009a00                SBOX::handle200(unsigned long*)
 .text._ZN4SBOX9handle210EPm
                0x08009a1c       0x1c obj/bmw_sbox.o
                0x08009a1c                SBOX::handle210(unsigned long*)
 .text._ZN4SBOX9handle220EPm
                0x08009a38       0x1c obj/bmw_sbox.o
                0x08009a38                SBOX::handle220(unsigned long*)
 .text._ZN4SBOX9DecodeCANEiPm
                0x08009a54       0x24 obj/bmw_sbox.o
                0x08009a54                SBOX::DecodeCAN(int, unsigned long*)
 .text._ZN4SBOX17ControlContactorsEiP11CanHardware
                0x08009a78       0x94 obj/bmw_sbox.o
                0x08009a78                SBOX::ControlContactors(int, CanHardware*)
 .text._ZN9NissanPDM15SetCanInterfaceEP11CanHardware
                0x08009b0c       0x2a obj/NissanPDM.o
                0x08009b0c                NissanPDM::SetCanInterface(CanHardware*)
 *fill*         0x08009b36        0x2 
 .text._ZN9NissanPDM13ControlChargeEbb
                0x08009b38       0x30 obj/NissanPDM.o
                0x08009b38                NissanPDM::ControlCharge(bool, bool)
 .text._ZN9NissanPDM9Task100MsEv
                0x08009b68       0x3c obj/NissanPDM.o
                0x08009b68                NissanPDM::Task100Ms()
 .text._ZN9NissanPDM9DecodeCANEiPm
                0x08009ba4       0x68 obj/NissanPDM.o
                0x08009ba4                NissanPDM::DecodeCAN(int, unsigned long*)
 .text._ZN9NissanPDM8Task10MsEv
                0x08009c0c       0x18 obj/NissanPDM.o
                0x08009c0c                NissanPDM::Task10Ms()
 .text._ZN12teslaCharger15SetCanInterfaceEP11CanHardware
                0x08009c24       0x10 obj/teslaCharger.o
                0x08009c24                teslaCharger::SetCanInterface(CanHardware*)
 .text._ZN12teslaCharger9Task100MsEv
                0x08009c34       0x60 obj/teslaCharger.o
                0x08009c34                teslaCharger::Task100Ms()
 .text._ZN12teslaCharger13ControlChargeEbb
                0x08009c94       0x38 obj/teslaCharger.o
                0x08009c94                teslaCharger::ControlCharge(bool, bool)
 .text._ZN12teslaCharger9DecodeCANEiPm
                0x08009ccc       0x24 obj/teslaCharger.o
                0x08009ccc                teslaCharger::DecodeCAN(int, unsigned long*)
 .text._ZN10extCharger13ControlChargeEbb
                0x08009cf0       0x1c obj/extCharger.o
                0x08009cf0                extCharger::ControlCharge(bool, bool)
 .text._ZN5VWBOX19RegisterCanMessagesEP11CanHardware
                0x08009d0c        0x8 obj/vag_sbox.o
                0x08009d0c                VWBOX::RegisterCanMessages(CanHardware*)
 .text._ZN5VWBOX9handle0BBEPm
                0x08009d14       0x58 obj/vag_sbox.o
                0x08009d14                VWBOX::handle0BB(unsigned long*)
 .text._ZN5VWBOX9DecodeCANEiPm
                0x08009d6c        0xc obj/vag_sbox.o
                0x08009d6c                VWBOX::DecodeCAN(int, unsigned long*)
 .text._ZN5VWBOX11vw_crc_calcEPh
                0x08009d78       0x6c obj/vag_sbox.o
                0x08009d78                VWBOX::vw_crc_calc(unsigned char*)
 .text._ZN5VWBOX17ControlContactorsEiP11CanHardware
                0x08009de4       0xa8 obj/vag_sbox.o
                0x08009de4                VWBOX::ControlContactors(int, CanHardware*)
 .text._ZN13DaisychainBMS15SetCanInterfaceEP11CanHardware
                0x08009e8c       0x22 obj/daisychainbms.o
                0x08009e8c                DaisychainBMS::SetCanInterface(CanHardware*)
 .text._ZN13DaisychainBMS12BMSDataValidEv
                0x08009eae       0x28 obj/daisychainbms.o
                0x08009eae                DaisychainBMS::BMSDataValid()
 .text._ZN13DaisychainBMS9Task100MsEv
                0x08009ed6       0x76 obj/daisychainbms.o
                0x08009ed6                DaisychainBMS::Task100Ms()
 .text._ZN13DaisychainBMS13ChargeAllowedEv
                0x08009f4c       0x62 obj/daisychainbms.o
                0x08009f4c                DaisychainBMS::ChargeAllowed()
 *fill*         0x08009fae        0x2 
 .text._ZN13DaisychainBMS16MaxChargeCurrentEv
                0x08009fb0       0x14 obj/daisychainbms.o
                0x08009fb0                DaisychainBMS::MaxChargeCurrent()
 .text._ZN13DaisychainBMS11temperatureEt
                0x08009fc4       0x54 obj/daisychainbms.o
                0x08009fc4                DaisychainBMS::temperature(unsigned short)
 .text._ZN13DaisychainBMS9DecodeCANEiPh
                0x0800a018       0xf8 obj/daisychainbms.o
                0x0800a018                DaisychainBMS::DecodeCAN(int, unsigned char*)
 .text._ZN7SimpBMS15SetCanInterfaceEP11CanHardware
                0x0800a110       0x22 obj/simpbms.o
                0x0800a110                SimpBMS::SetCanInterface(CanHardware*)
 .text._ZN7SimpBMS9Task100MsEv
                0x0800a132       0x68 obj/simpbms.o
                0x0800a132                SimpBMS::Task100Ms()
 *fill*         0x0800a19a        0x2 
 .text._ZN7SimpBMS9DecodeCANEiPh
                0x0800a19c       0x74 obj/simpbms.o
                0x0800a19c                SimpBMS::DecodeCAN(int, unsigned char*)
 .text._ZN7SimpBMS13ChargeAllowedEv
                0x0800a210       0x6a obj/simpbms.o
                0x0800a210                SimpBMS::ChargeAllowed()
 *fill*         0x0800a27a        0x6 
 .text._ZN7SimpBMS16MaxChargeCurrentEv
                0x0800a280       0x30 obj/simpbms.o
                0x0800a280                SimpBMS::MaxChargeCurrent()
 .text._ZN16outlanderCharger13ControlChargeEbb
                0x0800a2b0       0x3c obj/outlanderCharger.o
                0x0800a2b0                outlanderCharger::ControlCharge(bool, bool)
 .text._ZN16outlanderCharger15SetCanInterfaceEP11CanHardware
                0x0800a2ec       0x36 obj/outlanderCharger.o
                0x0800a2ec                outlanderCharger::SetCanInterface(CanHardware*)
 .text._ZN16outlanderCharger9Task100MsEv
                0x0800a322       0x90 obj/outlanderCharger.o
                0x0800a322                outlanderCharger::Task100Ms()
 *fill*         0x0800a3b2        0x6 
 .text._ZN16outlanderCharger9handle377EPm
                0x0800a3b8       0x70 obj/outlanderCharger.o
                0x0800a3b8                outlanderCharger::handle377(unsigned long*)
 .text._ZN16outlanderCharger9handle389EPm
                0x0800a428       0x98 obj/outlanderCharger.o
                0x0800a428                outlanderCharger::handle389(unsigned long*)
 .text._ZN16outlanderCharger9handle38AEPm
                0x0800a4c0       0x68 obj/outlanderCharger.o
                0x0800a4c0                outlanderCharger::handle38A(unsigned long*)
 .text._ZN16outlanderCharger9DecodeCANEiPm
                0x0800a528       0x28 obj/outlanderCharger.o
                0x0800a528                outlanderCharger::DecodeCAN(int, unsigned long*)
 .text._ZN8Can_OBD215SetCanInterfaceEP11CanHardware
                0x0800a550       0x10 obj/Can_OBD2.o
                0x0800a550                Can_OBD2::SetCanInterface(CanHardware*)
 .text._ZN8Can_OBD29DecodeCANEiPm
                0x0800a560      0x160 obj/Can_OBD2.o
                0x0800a560                Can_OBD2::DecodeCAN(int, unsigned long*)
 .text._ZN6CanSdo7PutCharEc
                0x0800a6c0       0x1e obj/cansdo.o
                0x0800a6c0                CanSdo::PutChar(char)
 .text._ZThn4_N6CanSdo7PutCharEc
                0x0800a6de        0x8 obj/cansdo.o
                0x0800a6de                non-virtual thunk to CanSdo::PutChar(char)
 .text._ZN6CanSdo11HandleClearEv
                0x0800a6e6       0x2a obj/cansdo.o
                0x0800a6e6                CanSdo::HandleClear()
 .text._ZN6CanSdoC2EP11CanHardwareP6CanMap
                0x0800a710       0x38 obj/cansdo.o
                0x0800a710                CanSdo::CanSdo(CanHardware*, CanMap*)
                0x0800a710                CanSdo::CanSdo(CanHardware*, CanMap*)
 .text._ZN6CanSdo9SetNodeIdEh
                0x0800a748        0x8 obj/cansdo.o
                0x0800a748                CanSdo::SetNodeId(unsigned char)
 .text._ZN6CanSdo24ProcessSpecialSDOObjectsEPNS_7CAN_SDOE
                0x0800a750       0xf0 obj/cansdo.o
                0x0800a750                CanSdo::ProcessSpecialSDOObjects(CanSdo::CAN_SDO*)
 .text._ZN6CanSdo18ReadOrDeleteCanMapEPNS_7CAN_SDOE
                0x0800a840       0xb8 obj/cansdo.o
                0x0800a840                CanSdo::ReadOrDeleteCanMap(CanSdo::CAN_SDO*)
 .text._ZN6CanSdo9AddCanMapEPNS_7CAN_SDOEb
                0x0800a8f8       0xe4 obj/cansdo.o
                0x0800a8f8                CanSdo::AddCanMap(CanSdo::CAN_SDO*, bool)
 .text._ZN6CanSdo10ProcessSDOEPm
                0x0800a9dc      0x10a obj/cansdo.o
                0x0800a9dc                CanSdo::ProcessSDO(unsigned long*)
 .text._ZN6CanSdo8HandleRxEmPmh
                0x0800aae6       0x34 obj/cansdo.o
                0x0800aae6                CanSdo::HandleRx(unsigned long, unsigned long*, unsigned char)
 .text._ZN9TeslaDCDC6DeInitEv
                0x0800ab1a        0x2 obj/TeslaDCDC.o
                0x0800ab1a                TeslaDCDC::DeInit()
 .text._ZN9TeslaDCDC15SetCanInterfaceEP11CanHardware
                0x0800ab1c       0x10 obj/TeslaDCDC.o
                0x0800ab1c                TeslaDCDC::SetCanInterface(CanHardware*)
 *fill*         0x0800ab2c        0x4 
 .text._ZN9TeslaDCDC9DecodeCANEiPh
                0x0800ab30       0x78 obj/TeslaDCDC.o
                0x0800ab30                TeslaDCDC::DecodeCAN(int, unsigned char*)
 .text._ZN9TeslaDCDC9Task100MsEv
                0x0800aba8       0x42 obj/TeslaDCDC.o
                0x0800aba8                TeslaDCDC::Task100Ms()
 .text._ZN7BMW_E3119SetTemperatureGaugeEf
                0x0800abea        0x2 obj/BMW_E31.o
                0x0800abea                BMW_E31::SetTemperatureGauge(float)
 .text._ZN7BMW_E317Task1MsEv
                0x0800abec        0x2 obj/BMW_E31.o
                0x0800abec                BMW_E31::Task1Ms()
 .text._ZN7BMW_E3115SetCanInterfaceEP11CanHardware
                0x0800abee       0x1a obj/BMW_E31.o
                0x0800abee                BMW_E31::SetCanInterface(CanHardware*)
 .text._ZN7BMW_E3113SetRevCounterEi
                0x0800ac08       0x1a obj/BMW_E31.o
                0x0800ac08                BMW_E31::SetRevCounter(int)
 .text._ZN7BMW_E315StartEv
                0x0800ac22        0x6 obj/BMW_E31.o
                0x0800ac22                BMW_E31::Start()
 .text._ZN7BMW_E319DecodeCANEiPm
                0x0800ac28       0x2c obj/BMW_E31.o
                0x0800ac28                BMW_E31::DecodeCAN(int, unsigned long*)
 .text._ZN7BMW_E319Task100MsEv
                0x0800ac54       0x14 obj/BMW_E31.o
                0x0800ac54                BMW_E31::Task100Ms()
 .text._ZN7BMW_E315ReadyEv
                0x0800ac68       0x10 obj/BMW_E31.o
                0x0800ac68                BMW_E31::Ready()
 .text._ZN7BMW_E319EGSMsg43BEv
                0x0800ac78       0x22 obj/BMW_E31.o
                0x0800ac78                BMW_E31::EGSMsg43B()
 *fill*         0x0800ac9a        0x2 
 .text._ZN7BMW_E319EGSMsg43FEa
                0x0800ac9c       0x48 obj/BMW_E31.o
                0x0800ac9c                BMW_E31::EGSMsg43F(signed char)
 .text._ZN7BMW_E318Task10MsEv
                0x0800ace4       0x34 obj/BMW_E31.o
                0x0800ace4                BMW_E31::Task10Ms()
 .text._ZN9F30_Lever8Task10MsEv
                0x0800ad18        0x2 obj/F30_Lever.o
                0x0800ad18                F30_Lever::Task10Ms()
 .text._ZN9F30_Lever7GetGearERN7Shifter5SgearE
                0x0800ad1a        0x8 obj/F30_Lever.o
                0x0800ad1a                F30_Lever::GetGear(Shifter::Sgear&)
 *fill*         0x0800ad22        0x2 
 .text._ZN9F30_Lever9DecodeCANEiPm
                0x0800ad24       0xf0 obj/F30_Lever.o
                0x0800ad24                F30_Lever::DecodeCAN(int, unsigned long*)
 .text._ZN9F30_Lever10CRC8_beginEv
                0x0800ae14       0x36 obj/F30_Lever.o
                0x0800ae14                F30_Lever::CRC8_begin()
 .text._ZN9F30_Lever15SetCanInterfaceEP11CanHardware
                0x0800ae4a       0x34 obj/F30_Lever.o
                0x0800ae4a                F30_Lever::SetCanInterface(CanHardware*)
 .text._ZN9F30_Lever8get_crc8EPKhihh
                0x0800ae7e       0x1e obj/F30_Lever.o
                0x0800ae7e                F30_Lever::get_crc8(unsigned char const*, int, unsigned char, unsigned char)
 .text._ZN9F30_Lever13UpdateShifterEv
                0x0800ae9c      0x164 obj/F30_Lever.o
                0x0800ae9c                F30_Lever::UpdateShifter()
 .text._ZN9F30_Lever7sendcanEv
                0x0800b000       0xcc obj/F30_Lever.o
                0x0800b000                F30_Lever::sendcan()
 .text._ZN9F30_Lever9Task100MsEv
                0x0800b0cc       0x54 obj/F30_Lever.o
                0x0800b0cc                F30_Lever::Task100Ms()
 .text._ZN8CPCClass8Task10MsEv
                0x0800b120        0x2 obj/CPC.o
                0x0800b120                CPCClass::Task10Ms()
                0x0800b120                CPCClass::Task100Ms()
 .text._ZN8CPCClass11DCFCRequestEb
                0x0800b122        0x4 obj/CPC.o
                0x0800b122                CPCClass::DCFCRequest(bool)
 *fill*         0x0800b126        0x2 
 .text._ZN8CPCClass9ACRequestEb
                0x0800b128       0x14 obj/CPC.o
                0x0800b128                CPCClass::ACRequest(bool)
 .text._ZN8CPCClass15SetCanInterfaceEP11CanHardware
                0x0800b13c       0x10 obj/CPC.o
                0x0800b13c                CPCClass::SetCanInterface(CanHardware*)
 .text._ZN8CPCClass9Task200MsEv
                0x0800b14c       0x48 obj/CPC.o
                0x0800b14c                CPCClass::Task200Ms()
 *fill*         0x0800b194        0x4 
 .text._ZN8CPCClass9handle357EPm
                0x0800b198       0xec obj/CPC.o
                0x0800b198                CPCClass::handle357(unsigned long*)
 .text._ZN8CPCClass9DecodeCANEiPm
                0x0800b284       0x10 obj/CPC.o
                0x0800b284                CPCClass::DecodeCAN(int, unsigned long*)
 .text._ZN12ElconCharger13ControlChargeEbb
                0x0800b294       0x18 obj/ElconCharger.o
                0x0800b294                ElconCharger::ControlCharge(bool, bool)
 .text._ZN12ElconCharger15SetCanInterfaceEP11CanHardware
                0x0800b2ac       0x14 obj/ElconCharger.o
                0x0800b2ac                ElconCharger::SetCanInterface(CanHardware*)
 .text._ZN12ElconCharger9Task200MsEv
                0x0800b2c0       0xb4 obj/ElconCharger.o
                0x0800b2c0                ElconCharger::Task200Ms()
 .text._ZN12ElconCharger9DecodeCANEiPm
                0x0800b374        0x2 obj/ElconCharger.o
                0x0800b374                ElconCharger::DecodeCAN(int, unsigned long*)
 .text._ZN21RearOutlanderInverter19GetMotorTemperatureEv
                0x0800b376        0xc obj/RearOutlanderinverter.o
                0x0800b376                RearOutlanderInverter::GetMotorTemperature()
 .text._ZN21RearOutlanderInverter22GetInverterTemperatureEv
                0x0800b382        0xc obj/RearOutlanderinverter.o
                0x0800b382                RearOutlanderInverter::GetInverterTemperature()
 .text._ZN21RearOutlanderInverter18GetInverterVoltageEv
                0x0800b38e        0xc obj/RearOutlanderinverter.o
                0x0800b38e                RearOutlanderInverter::GetInverterVoltage()
 .text._ZN21RearOutlanderInverter13GetMotorSpeedEv
                0x0800b39a        0xc obj/RearOutlanderinverter.o
                0x0800b39a                RearOutlanderInverter::GetMotorSpeed()
 .text._ZN21RearOutlanderInverter16GetInverterStateEv
                0x0800b3a6        0x4 obj/RearOutlanderinverter.o
                0x0800b3a6                RearOutlanderInverter::GetInverterState()
 .text._ZN21RearOutlanderInverter15SetCanInterfaceEP11CanHardware
                0x0800b3aa       0x36 obj/RearOutlanderinverter.o
                0x0800b3aa                RearOutlanderInverter::SetCanInterface(CanHardware*)
 .text._ZN21RearOutlanderInverter9SetTorqueEf
                0x0800b3e0       0x48 obj/RearOutlanderinverter.o
                0x0800b3e0                RearOutlanderInverter::SetTorque(float)
 .text._ZN21RearOutlanderInverter9DecodeCANEiPm
                0x0800b428       0x4e obj/RearOutlanderinverter.o
                0x0800b428                RearOutlanderInverter::DecodeCAN(int, unsigned long*)
 .text._ZN21RearOutlanderInverter8Task10MsEv
                0x0800b476       0x42 obj/RearOutlanderinverter.o
                0x0800b476                RearOutlanderInverter::Task10Ms()
 .text._ZN21RearOutlanderInverter9Task100MsEv
                0x0800b4b8       0x48 obj/RearOutlanderinverter.o
                0x0800b4b8                RearOutlanderInverter::Task100Ms()
 .text._ZN21RearOutlanderInverterC2Ev
                0x0800b500        0xc obj/RearOutlanderinverter.o
                0x0800b500                RearOutlanderInverter::RearOutlanderInverter()
                0x0800b500                RearOutlanderInverter::RearOutlanderInverter()
 .text._ZN6LinBusC2Emi
                0x0800b50c      0x110 obj/linbus.o
                0x0800b50c                LinBus::LinBus(unsigned long, int)
                0x0800b50c                LinBus::LinBus(unsigned long, int)
 .text._ZN6LinBus8ChecksumEhPhi
                0x0800b61c       0x22 obj/linbus.o
                0x0800b61c                LinBus::Checksum(unsigned char, unsigned char*, int)
 .text._ZN6LinBus6ParityEh
                0x0800b63e       0x36 obj/linbus.o
                0x0800b63e                LinBus::Parity(unsigned char)
 .text._ZN6LinBus7RequestEhPhh
                0x0800b674       0xbc obj/linbus.o
                0x0800b674                LinBus::Request(unsigned char, unsigned char*, unsigned char)
 .text._ZN6LinBus11HasReceivedEhh
                0x0800b730       0x4c obj/linbus.o
                0x0800b730                LinBus::HasReceived(unsigned char, unsigned char)
 .text._ZN8vwHeater20SetTargetTemperatureEf
                0x0800b77c        0x2 obj/VWheater.o
                0x0800b77c                vwHeater::SetTargetTemperature(float)
 *fill*         0x0800b77e        0x2 
 .text._ZN8vwHeater8SetPowerEtb
                0x0800b780       0xa8 obj/VWheater.o
                0x0800b780                vwHeater::SetPower(unsigned short, bool)
 .text._ZN8vwHeater15SetLinInterfaceEP6LinBus
                0x0800b828       0x10 obj/VWheater.o
                0x0800b828                vwHeater::SetLinInterface(LinBus*)
 .text._ZN6JLR_G17GetGearERN7Shifter5SgearE
                0x0800b838        0x8 obj/JLR_G1.o
                0x0800b838                JLR_G1::GetGear(Shifter::Sgear&)
 .text._ZN6JLR_G115SetCanInterfaceEP11CanHardware
                0x0800b840       0x10 obj/JLR_G1.o
                0x0800b840                JLR_G1::SetCanInterface(CanHardware*)
 .text._ZN6JLR_G19DecodeCANEiPm
                0x0800b850       0x24 obj/JLR_G1.o
                0x0800b850                JLR_G1::DecodeCAN(int, unsigned long*)
 .text._ZN6JLR_G19Task100MsEv
                0x0800b874       0x30 obj/JLR_G1.o
                0x0800b874                JLR_G1::Task100Ms()
 .text._ZN6JLR_G17sendcanEv
                0x0800b8a4       0xbc obj/JLR_G1.o
                0x0800b8a4                JLR_G1::sendcan()
 .text._ZN6JLR_G18Task10MsEv
                0x0800b960       0x54 obj/JLR_G1.o
                0x0800b960                JLR_G1::Task10Ms()
 .text._ZN6JLR_G27GetGearERN7Shifter5SgearE
                0x0800b9b4        0x8 obj/JLR_G2.o
                0x0800b9b4                JLR_G2::GetGear(Shifter::Sgear&)
 .text._ZN6JLR_G215SetCanInterfaceEP11CanHardware
                0x0800b9bc        0xe obj/JLR_G2.o
                0x0800b9bc                JLR_G2::SetCanInterface(CanHardware*)
 *fill*         0x0800b9ca        0x2 
 .text._ZN6JLR_G29DecodeCANEiPm
                0x0800b9cc       0x1c obj/JLR_G2.o
                0x0800b9cc                JLR_G2::DecodeCAN(int, unsigned long*)
 .text._ZN6JLR_G27sendcanEv
                0x0800b9e8      0x138 obj/JLR_G2.o
                0x0800b9e8                JLR_G2::sendcan()
 .text._ZN6JLR_G28Task10MsEv
                0x0800bb20       0x28 obj/JLR_G2.o
                0x0800bb20                JLR_G2::Task10Ms()
 .text._Z9RaiseKnobv
                0x0800bb48       0x18 obj/JLR_G2.o
                0x0800bb48                RaiseKnob()
 .text._ZN6JLR_G29Task100MsEv
                0x0800bb60       0x48 obj/JLR_G2.o
                0x0800bb60                JLR_G2::Task100Ms()
 .text._ZN11FoccciClass9Task200MsEv
                0x0800bba8        0x2 obj/Foccci.o
                0x0800bba8                FoccciClass::Task200Ms()
 *fill*         0x0800bbaa        0x2 
 .text._ZN11FoccciClass11DCFCRequestEb
                0x0800bbac        0xc obj/Foccci.o
                0x0800bbac                FoccciClass::DCFCRequest(bool)
 .text._ZN11FoccciClass9ACRequestEb
                0x0800bbb8       0x14 obj/Foccci.o
                0x0800bbb8                FoccciClass::ACRequest(bool)
 .text._ZN11FoccciClass15SetCanInterfaceEP11CanHardware
                0x0800bbcc       0x2e obj/Foccci.o
                0x0800bbcc                FoccciClass::SetCanInterface(CanHardware*)
 .text._ZN11FoccciClass9handle109EPm
                0x0800bbfa       0x40 obj/Foccci.o
                0x0800bbfa                FoccciClass::handle109(unsigned long*)
 *fill*         0x0800bc3a        0x6 
 .text._ZN11FoccciClass9handle357EPm
                0x0800bc40      0x130 obj/Foccci.o
                0x0800bc40                FoccciClass::handle357(unsigned long*)
 .text._ZN11FoccciClass9handle596EPm
                0x0800bd70       0x50 obj/Foccci.o
                0x0800bd70                FoccciClass::handle596(unsigned long*)
 .text._ZN11FoccciClass9DecodeCANEiPm
                0x0800bdc0       0x28 obj/Foccci.o
                0x0800bdc0                FoccciClass::DecodeCAN(int, unsigned long*)
 .text._ZN11FoccciClass11CCS_Pwr_ConEv
                0x0800bde8       0x74 obj/Foccci.o
                0x0800bde8                FoccciClass::CCS_Pwr_Con()
 .text._ZN11FoccciClass9Task100MsEv
                0x0800be5c       0x9c obj/Foccci.o
                0x0800be5c                FoccciClass::Task100Ms()
 .text._ZN11FoccciClass9ConfigCanEv
                0x0800bef8      0x330 obj/Foccci.o
                0x0800bef8                FoccciClass::ConfigCan()
 .text._ZN11FoccciClass8Task10MsEv
                0x0800c228       0x1a obj/Foccci.o
                0x0800c228                FoccciClass::Task10Ms()
 *fill*         0x0800c242        0x2 
 .text._ZN7DigiPot12SetPot1AStepEv
                0x0800c244       0x90 obj/digipot.o
                0x0800c244                DigiPot::SetPot1AStep()
 .text._ZN7DigiPot12SetPot1BStepEv
                0x0800c2d4       0x70 obj/digipot.o
                0x0800c2d4                DigiPot::SetPot1BStep()
 .text._ZN7DigiPot12SetPot2AStepEv
                0x0800c344       0x70 obj/digipot.o
                0x0800c344                DigiPot::SetPot2AStep()
 .text._ZN7DigiPot12SetPot2BStepEv
                0x0800c3b4       0x70 obj/digipot.o
                0x0800c3b4                DigiPot::SetPot2BStep()
 .text._ZN7DigiPot12SetPot3AStepEv
                0x0800c424       0x70 obj/digipot.o
                0x0800c424                DigiPot::SetPot3AStep()
 .text._ZN7DigiPot12SetPot3BStepEv
                0x0800c494       0x70 obj/digipot.o
                0x0800c494                DigiPot::SetPot3BStep()
 .text._ZN7DigiPot12SetPot4AStepEv
                0x0800c504       0x70 obj/digipot.o
                0x0800c504                DigiPot::SetPot4AStep()
 .text._ZN7DigiPot12SetPot4BStepEv
                0x0800c574       0x94 obj/digipot.o
                0x0800c574                DigiPot::SetPot4BStep()
 .text._ZN18OutlanderHeartBeat15SetCanInterfaceEP11CanHardware
                0x0800c608       0x34 obj/OutlanderHeartBeat.o
                0x0800c608                OutlanderHeartBeat::SetCanInterface(CanHardware*)
 .text._ZN18OutlanderHeartBeat9Task100MsEv
                0x0800c63c       0x74 obj/OutlanderHeartBeat.o
                0x0800c63c                OutlanderHeartBeat::Task100Ms()
 .text._ZN18OutlanderHeartBeat13SetPullInEVSEEb
                0x0800c6b0        0xc obj/OutlanderHeartBeat.o
                0x0800c6b0                OutlanderHeartBeat::SetPullInEVSE(bool)
 .text._ZN7LeafBMS15SetCanInterfaceEP11CanHardware
                0x0800c6bc       0x50 obj/leafbms.o
                0x0800c6bc                LeafBMS::SetCanInterface(CanHardware*)
 .text._ZN7LeafBMS16isMessageCorruptEPh
                0x0800c70c       0x46 obj/leafbms.o
                0x0800c70c                LeafBMS::isMessageCorrupt(unsigned char*)
 *fill*         0x0800c752        0x6 
 .text._ZN7LeafBMS9DecodeCANEiPh
                0x0800c758      0x23c obj/leafbms.o
                0x0800c758                LeafBMS::DecodeCAN(int, unsigned char*)
 .text._ZN9V_Classic19SetTemperatureGaugeEf
                0x0800c994        0x2 obj/V_Classic.o
                0x0800c994                V_Classic::SetTemperatureGauge(float)
 .text._ZN9V_Classic8Task10MsEv
                0x0800c996        0x2 obj/V_Classic.o
                0x0800c996                V_Classic::Task1Ms()
                0x0800c996                V_Classic::Task10Ms()
 .text._ZN9V_Classic15SetCanInterfaceEP11CanHardware
                0x0800c998        0x6 obj/V_Classic.o
                0x0800c998                V_Classic::SetCanInterface(CanHardware*)
 .text._ZN9V_Classic13SetRevCounterEi
                0x0800c99e       0x1a obj/V_Classic.o
                0x0800c99e                V_Classic::SetRevCounter(int)
 .text._ZN9V_Classic5StartEv
                0x0800c9b8        0x6 obj/V_Classic.o
                0x0800c9b8                V_Classic::Start()
 .text._ZN9V_Classic9Task100MsEv
                0x0800c9be       0x14 obj/V_Classic.o
                0x0800c9be                V_Classic::Task100Ms()
 *fill*         0x0800c9d2        0x2 
 .text._ZN9V_Classic5ReadyEv
                0x0800c9d4       0x28 obj/V_Classic.o
                0x0800c9d4                V_Classic::Ready()
 .text._ZN9KangooBMS16MaxChargeCurrentEv
                0x0800c9fc       0x12 obj/kangoobms.o
                0x0800c9fc                KangooBMS::MaxChargeCurrent()
 .text._ZN9KangooBMS15SetCanInterfaceEP11CanHardware
                0x0800ca0e       0x3a obj/kangoobms.o
                0x0800ca0e                KangooBMS::SetCanInterface(CanHardware*)
 .text._ZN9KangooBMS9DecodeCANEiPh
                0x0800ca48      0x160 obj/kangoobms.o
                0x0800ca48                KangooBMS::DecodeCAN(int, unsigned char*)
 .text._ZN9KangooBMS9Task100MsEv
                0x0800cba8       0xf4 obj/kangoobms.o
                0x0800cba8                KangooBMS::Task100Ms()
 .text._ZN18OutlanderCanHeater8SetPowerEtb
                0x0800cc9c        0x4 obj/OutlanderCanHeater.o
                0x0800cc9c                OutlanderCanHeater::SetPower(unsigned short, bool)
 .text._ZN18OutlanderCanHeater20SetTargetTemperatureEf
                0x0800cca0        0xe obj/OutlanderCanHeater.o
                0x0800cca0                OutlanderCanHeater::SetTargetTemperature(float)
 .text._ZN18OutlanderCanHeater15SetCanInterfaceEP11CanHardware
                0x0800ccae       0x1e obj/OutlanderCanHeater.o
                0x0800ccae                OutlanderCanHeater::SetCanInterface(CanHardware*)
 .text._ZN18OutlanderCanHeater9Task100MsEv
                0x0800cccc       0x64 obj/OutlanderCanHeater.o
                0x0800cccc                OutlanderCanHeater::Task100Ms()
 .text._ZN18OutlanderCanHeater9handle398EPm
                0x0800cd30       0x38 obj/OutlanderCanHeater.o
                0x0800cd30                OutlanderCanHeater::handle398(unsigned long*)
 .text._ZN18OutlanderCanHeater9DecodeCANEiPm
                0x0800cd68        0xe obj/OutlanderCanHeater.o
                0x0800cd68                OutlanderCanHeater::DecodeCAN(int, unsigned long*)
 *fill*         0x0800cd76        0x2 
 .text._ZN11NissLeafMng15SetCanInterfaceEP11CanHardware
                0x0800cd78        0xc obj/NissLeafMng.o
                0x0800cd78                NissLeafMng::SetCanInterface(CanHardware*)
 .text._ZN11NissLeafMng10nissan_crcEPhh